Component: ARM Compiler 5.06 update 7 (build 960) Tool: armlink [4d3601]

==============================================================================

Section Cross References

    startup_stm32f103xb.o(STACK) refers (Special) to heapauxi.o(.text) for __use_two_region_memory
    startup_stm32f103xb.o(HEAP) refers (Special) to heapauxi.o(.text) for __use_two_region_memory
    startup_stm32f103xb.o(RESET) refers (Special) to heapauxi.o(.text) for __use_two_region_memory
    startup_stm32f103xb.o(RESET) refers to startup_stm32f103xb.o(STACK) for __initial_sp
    startup_stm32f103xb.o(RESET) refers to startup_stm32f103xb.o(.text) for Reset_Handler
    startup_stm32f103xb.o(RESET) refers to stm32f1xx_it.o(i.NMI_Handler) for NMI_Handler
    startup_stm32f103xb.o(RESET) refers to stm32f1xx_it.o(i.HardFault_Handler) for HardFault_Handler
    startup_stm32f103xb.o(RESET) refers to stm32f1xx_it.o(i.MemManage_Handler) for MemManage_Handler
    startup_stm32f103xb.o(RESET) refers to stm32f1xx_it.o(i.BusFault_Handler) for BusFault_Handler
    startup_stm32f103xb.o(RESET) refers to stm32f1xx_it.o(i.UsageFault_Handler) for UsageFault_Handler
    startup_stm32f103xb.o(RESET) refers to port.o(.emb_text) for SVC_Handler
    startup_stm32f103xb.o(RESET) refers to stm32f1xx_it.o(i.DebugMon_Handler) for DebugMon_Handler
    startup_stm32f103xb.o(RESET) refers to stm32f1xx_it.o(i.SysTick_Handler) for SysTick_Handler
    startup_stm32f103xb.o(RESET) refers to stm32f1xx_it.o(i.TIM3_IRQHandler) for TIM3_IRQHandler
    startup_stm32f103xb.o(RESET) refers to stm32f1xx_it.o(i.USART3_IRQHandler) for USART3_IRQHandler
    startup_stm32f103xb.o(.text) refers (Special) to heapauxi.o(.text) for __use_two_region_memory
    startup_stm32f103xb.o(.text) refers to system_stm32f1xx.o(i.SystemInit) for SystemInit
    startup_stm32f103xb.o(.text) refers to __main.o(!!!main) for __main
    startup_stm32f103xb.o(.text) refers to startup_stm32f103xb.o(HEAP) for Heap_Mem
    startup_stm32f103xb.o(.text) refers to startup_stm32f103xb.o(STACK) for Stack_Mem
    system_stm32f1xx.o(i.SystemCoreClockUpdate) refers to system_stm32f1xx.o(.data) for SystemCoreClock
    system_stm32f1xx.o(i.SystemCoreClockUpdate) refers to system_stm32f1xx.o(.constdata) for AHBPrescTable
    stm32f1xx_hal_tim.o(i.HAL_TIM_Base_DeInit) refers to tim.o(i.HAL_TIM_Base_MspDeInit) for HAL_TIM_Base_MspDeInit
    stm32f1xx_hal_tim.o(i.HAL_TIM_Base_Init) refers to tim.o(i.HAL_TIM_Base_MspInit) for HAL_TIM_Base_MspInit
    stm32f1xx_hal_tim.o(i.HAL_TIM_Base_Init) refers to stm32f1xx_hal_tim.o(i.TIM_Base_SetConfig) for TIM_Base_SetConfig
    stm32f1xx_hal_tim.o(i.HAL_TIM_Base_Start_DMA) refers to stm32f1xx_hal_dma.o(i.HAL_DMA_Start_IT) for HAL_DMA_Start_IT
    stm32f1xx_hal_tim.o(i.HAL_TIM_Base_Start_DMA) refers to stm32f1xx_hal_tim.o(i.TIM_DMAPeriodElapsedCplt) for TIM_DMAPeriodElapsedCplt
    stm32f1xx_hal_tim.o(i.HAL_TIM_Base_Start_DMA) refers to stm32f1xx_hal_tim.o(i.TIM_DMAPeriodElapsedHalfCplt) for TIM_DMAPeriodElapsedHalfCplt
    stm32f1xx_hal_tim.o(i.HAL_TIM_Base_Start_DMA) refers to stm32f1xx_hal_tim.o(i.TIM_DMAError) for TIM_DMAError
    stm32f1xx_hal_tim.o(i.HAL_TIM_Base_Stop_DMA) refers to stm32f1xx_hal_dma.o(i.HAL_DMA_Abort_IT) for HAL_DMA_Abort_IT
    stm32f1xx_hal_tim.o(i.HAL_TIM_ConfigClockSource) refers to stm32f1xx_hal_tim.o(i.TIM_ETR_SetConfig) for TIM_ETR_SetConfig
    stm32f1xx_hal_tim.o(i.HAL_TIM_ConfigClockSource) refers to stm32f1xx_hal_tim.o(i.TIM_TI1_ConfigInputStage) for TIM_TI1_ConfigInputStage
    stm32f1xx_hal_tim.o(i.HAL_TIM_ConfigClockSource) refers to stm32f1xx_hal_tim.o(i.TIM_ITRx_SetConfig) for TIM_ITRx_SetConfig
    stm32f1xx_hal_tim.o(i.HAL_TIM_ConfigClockSource) refers to stm32f1xx_hal_tim.o(i.TIM_TI2_ConfigInputStage) for TIM_TI2_ConfigInputStage
    stm32f1xx_hal_tim.o(i.HAL_TIM_ConfigOCrefClear) refers to stm32f1xx_hal_tim.o(i.TIM_ETR_SetConfig) for TIM_ETR_SetConfig
    stm32f1xx_hal_tim.o(i.HAL_TIM_DMABurst_MultiReadStart) refers to stm32f1xx_hal_dma.o(i.HAL_DMA_Start_IT) for HAL_DMA_Start_IT
    stm32f1xx_hal_tim.o(i.HAL_TIM_DMABurst_MultiReadStart) refers to stm32f1xx_hal_tim.o(i.TIM_DMAPeriodElapsedCplt) for TIM_DMAPeriodElapsedCplt
    stm32f1xx_hal_tim.o(i.HAL_TIM_DMABurst_MultiReadStart) refers to stm32f1xx_hal_tim.o(i.TIM_DMAPeriodElapsedHalfCplt) for TIM_DMAPeriodElapsedHalfCplt
    stm32f1xx_hal_tim.o(i.HAL_TIM_DMABurst_MultiReadStart) refers to stm32f1xx_hal_tim.o(i.TIM_DMAError) for TIM_DMAError
    stm32f1xx_hal_tim.o(i.HAL_TIM_DMABurst_MultiReadStart) refers to stm32f1xx_hal_tim.o(i.TIM_DMACaptureCplt) for TIM_DMACaptureCplt
    stm32f1xx_hal_tim.o(i.HAL_TIM_DMABurst_MultiReadStart) refers to stm32f1xx_hal_tim.o(i.TIM_DMACaptureHalfCplt) for TIM_DMACaptureHalfCplt
    stm32f1xx_hal_tim.o(i.HAL_TIM_DMABurst_MultiReadStart) refers to stm32f1xx_hal_tim_ex.o(i.TIMEx_DMACommutationCplt) for TIMEx_DMACommutationCplt
[...]
    _fdiv1                                   0x08005d75   Thumb Code     0  fdiv.o(x$fpl$fdiv)
    x$fpl$ffix                               0x08005ef8   Section       54  ffix.o(x$fpl$ffix)
    x$fpl$fflt                               0x08005f30   Section       48  fflt_clz.o(x$fpl$fflt)
    x$fpl$fleqf                              0x08005f60   Section      104  fleqf.o(x$fpl$fleqf)
    x$fpl$fmul                               0x08005fc8   Section      258  fmul.o(x$fpl$fmul)
    x$fpl$fnaninf                            0x080060ca   Section      140  fnaninf.o(x$fpl$fnaninf)
    x$fpl$fretinf                            0x08006156   Section       10  fretinf.o(x$fpl$fretinf)
    x$fpl$frleqf                             0x08006160   Section       98  frleqf.o(x$fpl$frleqf)
    x$fpl$frsb                               0x080061c2   Section       20  faddsub_clz.o(x$fpl$frsb)
    x$fpl$fsub                               0x080061d8   Section      234  faddsub_clz.o(x$fpl$fsub)
    _fsub1                                   0x080061e7   Thumb Code     0  faddsub_clz.o(x$fpl$fsub)
    x$fpl$retnan                             0x080062c2   Section      100  retnan.o(x$fpl$retnan)
    x$fpl$scalbn                             0x08006326   Section       92  scalbn.o(x$fpl$scalbn)
    x$fpl$trapveneer                         0x08006382   Section       48  trapv.o(x$fpl$trapveneer)
    .constdata                               0x080063b2   Section       24  system_stm32f1xx.o(.constdata)
    x$fpl$usenofp                            0x080063b2   Section        0  usenofp.o(x$fpl$usenofp)
    .constdata                               0x080063ca   Section       18  stm32f1xx_hal_rcc.o(.constdata)
    aPLLMULFactorTable                       0x080063ca   Data          16  stm32f1xx_hal_rcc.o(.constdata)
    aPredivFactorTable                       0x080063da   Data           2  stm32f1xx_hal_rcc.o(.constdata)
    .constdata                               0x080063dc   Section     1520  oled.o(.constdata)
    .constdata                               0x080069d0   Section       80  asin.o(.constdata)
    pS                                       0x080069d0   Data          48  asin.o(.constdata)
    qS                                       0x08006a00   Data          32  asin.o(.constdata)
    .constdata                               0x08006a20   Section      152  atan.o(.constdata)
    atanhi                                   0x08006a20   Data          32  atan.o(.constdata)
    atanlo                                   0x08006a40   Data          32  atan.o(.constdata)
    aTodd                                    0x08006a60   Data          40  atan.o(.constdata)
    aTeven                                   0x08006a88   Data          48  atan.o(.constdata)
    .constdata                               0x08006ab8   Section        8  qnan.o(.constdata)
    .data                                    0x20000000   Section        4  system_stm32f1xx.o(.data)
    .data                                    0x20000004   Section        9  stm32f1xx_hal.o(.data)
    .data                                    0x20000010   Section       64  tasks.o(.data)
    pxDelayedTaskList                        0x20000014   Data           4  tasks.o(.data)
    pxOverflowDelayedTaskList                0x20000018   Data           4  tasks.o(.data)
    uxDeletedTasksWaitingCleanUp             0x2000001c   Data           4  tasks.o(.data)
    uxCurrentNumberOfTasks                   0x20000020   Data           4  tasks.o(.data)
    xTickCount                               0x20000024   Data           4  tasks.o(.data)
    uxTopReadyPriority                       0x20000028   Data           4  tasks.o(.data)
    xSchedulerRunning                        0x2000002c   Data           4  tasks.o(.data)
    xPendedTicks                             0x20000030   Data           4  tasks.o(.data)
    xYieldPending                            0x20000034   Data           4  tasks.o(.data)
    xNumOfOverflows                          0x20000038   Data           4  tasks.o(.data)
    uxTaskNumber                             0x2000003c   Data           4  tasks.o(.data)
    xNextTaskUnblockTime                     0x20000040   Data           4  tasks.o(.data)
    xIdleTaskHandle                          0x20000044   Data           4  tasks.o(.data)
    uxSchedulerSuspended                     0x2000004c   Data           4  tasks.o(.data)
    .data                                    0x20000050   Section        4  port.o(.data)
    uxCriticalNesting                        0x20000050   Data           4  port.o(.data)
    .data                                    0x20000054   Section       28  heap_4.o(.data)
    xStart                                   0x20000054   Data           8  heap_4.o(.data)
    pxEnd                                    0x2000005c   Data           4  heap_4.o(.data)
    xFreeBytesRemaining                      0x20000060   Data           4  heap_4.o(.data)
    xMinimumEverFreeBytesRemaining           0x20000064   Data           4  heap_4.o(.data)
    xNumberOfSuccessfulAllocations           0x20000068   Data           4  heap_4.o(.data)
    xNumberOfSuccessfulFrees                 0x2000006c   Data           4  heap_4.o(.data)
    .data                                    0x20000070   Section        4  encoder.o(.data)
    .data                                    0x20000074   Section       12  mpu6050.o(.data)
    .data                                    0x20000080   Section      164  angle.o(.data)
    .data                                    0x20000124   Section       52  pid.o(.data)
    bias_last                                0x20000154   Data           2  pid.o(.data)
    bias_integral                            0x20000156   Data           2  pid.o(.data)
    .data                                    0x20000158   Section       16  cartask.o(.data)
    .bss                                     0x20000168   Section      740  tasks.o(.bss)
    pxReadyTasksLists                        0x20000168   Data         640  tasks.o(.bss)
    xDelayedTaskList1                        0x200003e8   Data          20  tasks.o(.bss)
    xDelayedTaskList2                        0x200003fc   Data          20  tasks.o(.bss)
    xPendingReadyList                        0x20000410   Data          20  tasks.o(.bss)
    xTasksWaitingTermination                 0x20000424   Data          20  tasks.o(.bss)
    xSuspendedTaskList                       0x20000438   Data          20  tasks.o(.bss)
    .bss                                     0x2000044c   Section    15360  heap_4.o(.bss)
    ucHeap                                   0x2000044c   Data       15360  heap_4.o(.bss)
    .bss                                     0x2000404c   Section       64  angle.o(.bss)
    .bss                                     0x2000408c   Section      216  tim.o(.bss)
    .bss                                     0x20004164   Section       72  usart.o(.bss)
    .bss                                     0x200041ac   Section       72  stm32f1xx_hal_timebase_tim.o(.bss)
    .bss                                     0x200041f4   Section       96  libspace.o(.bss)
    HEAP                                     0x20004258   Section      512  startup_stm32f103xb.o(HEAP)
    Heap_Mem                                 0x20004258   Data         512  startup_stm32f103xb.o(HEAP)
    STACK                                    0x20004458   Section     1024  startup_stm32f103xb.o(STACK)
    Stack_Mem                                0x20004458   Data        1024  startup_stm32f103xb.o(STACK)
    __initial_sp                             0x20004858   Data           0  startup_stm32f103xb.o(STACK)

    Global Symbols

    Symbol Name                              Value     Ov Type        Size  Object(Section)

    BuildAttributes$$THM_ISAv4$P$D$K$B$S$PE$A:L22UL41UL21$X:L11$S22US41US21$IEEE1$IW$USESV6$~STKCKD$USESV7$~SHL$OTIME$ROPI$IEEEX$EBA8$UX$STANDARDLIB$REQ8$PRES8$EABIv2 0x00000000   Number         0  anon$$obj.o ABSOLUTE
    __ARM_use_no_argv                        0x00000000   Number         0  main.o ABSOLUTE
    __ARM_exceptions_init                     - Undefined Weak Reference
    __alloca_initialize                       - Undefined Weak Reference
    __arm_fini_                               - Undefined Weak Reference
    __arm_preinit_                            - Undefined Weak Reference
    __cpp_initialize__aeabi_                  - Undefined Weak Reference
    __cxa_finalize                            - Undefined Weak Reference
    __rt_locale                               - Undefined Weak Reference
    __sigvec_lookup                           - Undefined Weak Reference
    _atexit_init                              - Undefined Weak Reference
    _call_atexit_fns                          - Undefined Weak Reference
    _clock_init                               - Undefined Weak Reference
    _fp_trap_init                             - Undefined Weak Reference
    _fp_trap_shutdown                         - Undefined Weak Reference
    _get_lc_collate                           - Undefined Weak Reference
    _get_lc_ctype                             - Undefined Weak Reference
    _get_lc_monetary                          - Undefined Weak Reference
    _get_lc_numeric                           - Undefined Weak Reference
    _get_lc_time                              - Undefined Weak Reference
    _getenv_init                              - Undefined Weak Reference
    _handle_redirection                       - Undefined Weak Reference
    _init_alloc                               - Undefined Weak Reference
    _init_user_alloc                          - Undefined Weak Reference
    _initio                                   - Undefined Weak Reference
    _rand_init                                - Undefined Weak Reference
    _signal_finish                            - Undefined Weak Reference
    _signal_init                              - Undefined Weak Reference
    _terminate_alloc                          - Undefined Weak Reference
    _terminate_user_alloc                     - Undefined Weak Reference
    _terminateio                              - Undefined Weak Reference
    __Vectors_Size                           0x000000ec   Number         0  startup_stm32f103xb.o ABSOLUTE
    __Vectors                                0x08000000   Data           4  startup_stm32f103xb.o(RESET)
    __Vectors_End                            0x080000ec   Data           0  startup_stm32f103xb.o(RESET)
    __main                                   0x080000ed   Thumb Code     8  __main.o(!!!main)
    __scatterload                            0x080000f5   Thumb Code     0  __scatter.o(!!!scatter)
    __scatterload_rt2                        0x080000f5   Thumb Code    44  __scatter.o(!!!scatter)
    __scatterload_rt2_thumb_only             0x080000f5   Thumb Code     0  __scatter.o(!!!scatter)
    __scatterload_null                       0x08000103   Thumb Code     0  __scatter.o(!!!scatter)
    __decompress                             0x08000129   Thumb Code    90  __dczerorl2.o(!!dczerorl2)
    __decompress1                            0x08000129   Thumb Code     0  __dczerorl2.o(!!dczerorl2)
    __scatterload_zeroinit                   0x08000185   Thumb Code    28  __scatter_zi.o(!!handler_zi)
    __rt_lib_init                            0x080001a1   Thumb Code     0  libinit.o(.ARM.Collect$$libinit$$00000000)
    __rt_lib_init_alloca_1                   0x080001a3   Thumb Code     0  libinit2.o(.ARM.Collect$$libinit$$0000002E)
    __rt_lib_init_argv_1                     0x080001a3   Thumb Code     0  libinit2.o(.ARM.Collect$$libinit$$0000002C)
    __rt_lib_init_atexit_1                   0x080001a3   Thumb Code     0  libinit2.o(.ARM.Collect$$libinit$$0000001B)
    __rt_lib_init_clock_1                    0x080001a3   Thumb Code     0  libinit2.o(.ARM.Collect$$libinit$$00000021)
    __rt_lib_init_cpp_1                      0x080001a3   Thumb Code     0  libinit2.o(.ARM.Collect$$libinit$$00000032)
    __rt_lib_init_exceptions_1               0x080001a3   Thumb Code     0  libinit2.o(.ARM.Collect$$libinit$$00000030)
    __rt_lib_init_fp_1                       0x080001a3   Thumb Code     0  libinit2.o(.ARM.Collect$$libinit$$00000002)
    __rt_lib_init_fp_trap_1                  0x080001a3   Thumb Code     0  libinit2.o(.ARM.Collect$$libinit$$0000001F)
    __rt_lib_init_getenv_1                   0x080001a3   Thumb Code     0  libinit2.o(.ARM.Collect$$libinit$$00000023)
    __rt_lib_init_heap_1                     0x080001a3   Thumb Code     0  libinit2.o(.ARM.Collect$$libinit$$0000000A)
    __rt_lib_init_lc_collate_1               0x080001a3   Thumb Code     0  libinit2.o(.ARM.Collect$$libinit$$00000011)
    __rt_lib_init_lc_ctype_1                 0x080001a3   Thumb Code     0  libinit2.o(.ARM.Collect$$libinit$$00000013)
    __rt_lib_init_lc_monetary_1              0x080001a3   Thumb Code     0  libinit2.o(.ARM.Collect$$libinit$$00000015)
    __rt_lib_init_lc_numeric_1               0x080001a3   Thumb Code     0  libinit2.o(.ARM.Collect$$libinit$$00000017)
    __rt_lib_init_lc_time_1                  0x080001a3   Thumb Code     0  libinit2.o(.ARM.Collect$$libinit$$00000019)
    __rt_lib_init_preinit_1                  0x080001a3   Thumb Code     0  libinit2.o(.ARM.Collect$$libinit$$00000004)
    __rt_lib_init_rand_1                     0x080001a3   Thumb Code     0  libinit2.o(.ARM.Collect$$libinit$$0000000E)
    __rt_lib_init_return                     0x080001a3   Thumb Code     0  libinit2.o(.ARM.Collect$$libinit$$00000033)
    __rt_lib_init_signal_1                   0x080001a3   Thumb Code     0  libinit2.o(.ARM.Collect$$libinit$$0000001D)
    __rt_lib_init_stdio_1                    0x080001a3   Thumb Code     0  libinit2.o(.ARM.Collect$$libinit$$00000025)
    __rt_lib_init_user_alloc_1               0x080001a3   Thumb Code     0  libinit2.o(.ARM.Collect$$libinit$$0000000C)
    __rt_lib_shutdown                        0x080001a5   Thumb Code     0  libshutdown.o(.ARM.Collect$$libshutdown$$00000000)
    __rt_lib_shutdown_cpp_1                  0x080001a7   Thumb Code     0  libshutdown2.o(.ARM.Collect$$libshutdown$$00000004)
    __rt_lib_shutdown_fini_1                 0x080001a7   Thumb Code     0  libshutdown2.o(.ARM.Collect$$libshutdown$$00000002)
    __rt_lib_shutdown_fp_trap_1              0x080001a7   Thumb Code     0  libshutdown2.o(.ARM.Collect$$libshutdown$$00000009)
    __rt_lib_shutdown_heap_1                 0x080001a7   Thumb Code     0  libshutdown2.o(.ARM.Collect$$libshutdown$$00000011)
    __rt_lib_shutdown_return                 0x080001a7   Thumb Code     0  libshutdown2.o(.ARM.Collect$$libshutdown$$00000012)
    __rt_lib_shutdown_signal_1               0x080001a7   Thumb Code     0  libshutdown2.o(.ARM.Collect$$libshutdown$$0000000C)
    __rt_lib_shutdown_stdio_1                0x080001a7   Thumb Code     0  libshutdown2.o(.ARM.Collect$$libshutdown$$00000006)
    __rt_lib_shutdown_user_alloc_1           0x080001a7   Thumb Code     0  libshutdown2.o(.ARM.Collect$$libshutdown$$0000000E)
    __rt_entry                               0x080001a9   Thumb Code     0  __rtentry.o(.ARM.Collect$$rtentry$$00000000)
    __rt_entry_presh_1                       0x080001a9   Thumb Code     0  __rtentry2.o(.ARM.Collect$$rtentry$$00000002)
    __rt_entry_sh                            0x080001a9   Thumb Code     0  __rtentry4.o(.ARM.Collect$$rtentry$$00000004)
    __rt_entry_li                            0x080001af   Thumb Code     0  __rtentry2.o(.ARM.Collect$$rtentry$$0000000A)
    __rt_entry_postsh_1                      0x080001af   Thumb Code     0  __rtentry2.o(.ARM.Collect$$rtentry$$00000009)
    __rt_entry_main                          0x080001b3   Thumb Code     0  __rtentry2.o(.ARM.Collect$$rtentry$$0000000D)
    __rt_entry_postli_1                      0x080001b3   Thumb Code     0  __rtentry2.o(.ARM.Collect$$rtentry$$0000000C)
    __rt_exit                                0x080001bb   Thumb Code     0  rtexit.o(.ARM.Collect$$rtexit$$00000000)
    __rt_exit_ls                             0x080001bd   Thumb Code     0  rtexit2.o(.ARM.Collect$$rtexit$$00000003)
    __rt_exit_prels_1                        0x080001bd   Thumb Code     0  rtexit2.o(.ARM.Collect$$rtexit$$00000002)
    __rt_exit_exit                           0x080001c1   Thumb Code     0  rtexit2.o(.ARM.Collect$$rtexit$$00000004)
    SVC_Handler                              0x080001c9   Thumb Code    32  port.o(.emb_text)
    __asm___6_port_c_39a90d8d__prvStartFirstTask 0x080001ed   Thumb Code    28  port.o(.emb_text)
    PendSV_Handler                           0x0800020d   Thumb Code    72  port.o(.emb_text)
    vPortGetIPSR                             0x08000259   Thumb Code     6  port.o(.emb_text)
    Reset_Handler                            0x08000261   Thumb Code     8  startup_stm32f103xb.o(.text)
    ADC1_2_IRQHandler                        0x0800027b   Thumb Code     0  startup_stm32f103xb.o(.text)
    CAN1_RX1_IRQHandler                      0x0800027b   Thumb Code     0  startup_stm32f103xb.o(.text)
    CAN1_SCE_IRQHandler                      0x0800027b   Thumb Code     0  startup_stm32f103xb.o(.text)
    DMA1_Channel1_IRQHandler                 0x0800027b   Thumb Code     0  startup_stm32f103xb.o(.text)
    DMA1_Channel2_IRQHandler                 0x0800027b   Thumb Code     0  startup_stm32f103xb.o(.text)
    DMA1_Channel3_IRQHandler                 0x0800027b   Thumb Code     0  startup_stm32f103xb.o(.text)
    DMA1_Channel4_IRQHandler                 0x0800027b   Thumb Code     0  startup_stm32f103xb.o(.text)
    DMA1_Channel5_IRQHandler                 0x0800027b   Thumb Code     0  startup_stm32f103xb.o(.text)
    DMA1_Channel6_IRQHandler                 0x0800027b   Thumb Code     0  startup_stm32f103xb.o(.text)
    DMA1_Channel7_IRQHandler                 0x0800027b   Thumb Code     0  startup_stm32f103xb.o(.text)
    EXTI0_IRQHandler                         0x0800027b   Thumb Code     0  startup_stm32f103xb.o(.text)
    EXTI15_10_IRQHandler                     0x0800027b   Thumb Code     0  startup_stm32f103xb.o(.text)
    EXTI1_IRQHandler                         0x0800027b   Thumb Code     0  startup_stm32f103xb.o(.text)
    EXTI2_IRQHandler                         0x0800027b   Thumb Code     0  startup_stm32f103xb.o(.text)
    EXTI3_IRQHandler                         0x0800027b   Thumb Code     0  startup_stm32f103xb.o(.text)
    EXTI4_IRQHandler                         0x0800027b   Thumb Code     0  startup_stm32f103xb.o(.text)
    EXTI9_5_IRQHandler                       0x0800027b   Thumb Code     0  startup_stm32f103xb.o(.text)
    FLASH_IRQHandler                         0x0800027b   Thumb Code     0  startup_stm32f103xb.o(.text)
    I2C1_ER_IRQHandler                       0x0800027b   Thumb Code     0  startup_stm32f103xb.o(.text)
    I2C1_EV_IRQHandler                       0x0800027b   Thumb Code     0  startup_stm32f103xb.o(.text)
    I2C2_ER_IRQHandler                       0x0800027b   Thumb Code     0  startup_stm32f103xb.o(.text)
    I2C2_EV_IRQHandler                       0x0800027b   Thumb Code     0  startup_stm32f103xb.o(.text)
    PVD_IRQHandler                           0x0800027b   Thumb Code     0  startup_stm32f103xb.o(.text)
    RCC_IRQHandler                           0x0800027b   Thumb Code     0  startup_stm32f103xb.o(.text)
    RTC_Alarm_IRQHandler                     0x0800027b   Thumb Code     0  startup_stm32f103xb.o(.text)
    RTC_IRQHandler                           0x0800027b   Thumb Code     0  startup_stm32f103xb.o(.text)
    SPI1_IRQHandler                          0x0800027b   Thumb Code     0  startup_stm32f103xb.o(.text)
    SPI2_IRQHandler                          0x0800027b   Thumb Code     0  startup_stm32f103xb.o(.text)
    TAMPER_IRQHandler                        0x0800027b   Thumb Code     0  startup_stm32f103xb.o(.text)
    TIM1_BRK_IRQHandler                      0x0800027b   Thumb Code     0  startup_stm32f103xb.o(.text)
    TIM1_CC_IRQHandler                       0x0800027b   Thumb Code     0  startup_stm32f103xb.o(.text)
    TIM1_TRG_COM_IRQHandler                  0x0800027b   Thumb Code     0  startup_stm32f103xb.o(.text)
    TIM1_UP_IRQHandler                       0x0800027b   Thumb Code     0  startup_stm32f103xb.o(.text)
    TIM2_IRQHandler                          0x0800027b   Thumb Code     0  startup_stm32f103xb.o(.text)
    TIM4_IRQHandler                          0x0800027b   Thumb Code     0  startup_stm32f103xb.o(.text)
    USART1_IRQHandler                        0x0800027b   Thumb Code     0  startup_stm32f103xb.o(.text)
    USART2_IRQHandler                        0x0800027b   Thumb Code     0  startup_stm32f103xb.o(.text)
    USBWakeUp_IRQHandler                     0x0800027b   Thumb Code     0  startup_stm32f103xb.o(.text)
    USB_HP_CAN1_TX_IRQHandler                0x0800027b   Thumb Code     0  startup_stm32f103xb.o(.text)
    USB_LP_CAN1_RX0_IRQHandler               0x0800027b   Thumb Code     0  startup_stm32f103xb.o(.text)
    WWDG_IRQHandler                          0x0800027b   Thumb Code     0  startup_stm32f103xb.o(.text)
    __user_initial_stackheap                 0x0800027d   Thumb Code     0  startup_stm32f103xb.o(.text)
    __aeabi_memclr4                          0x080002a1   Thumb Code     0  rt_memclr_w.o(.text)
    __aeabi_memclr8                          0x080002a1   Thumb Code     0  rt_memclr_w.o(.text)
    __rt_memclr_w                            0x080002a1   Thumb Code    78  rt_memclr_w.o(.text)
    _memset_w                                0x080002a5   Thumb Code     0  rt_memclr_w.o(.text)
    __use_two_region_memory                  0x080002ef   Thumb Code     2  heapauxi.o(.text)
    __rt_heap_escrow$2region                 0x080002f1   Thumb Code     2  heapauxi.o(.text)
    __rt_heap_expand$2region                 0x080002f3   Thumb Code     2  heapauxi.o(.text)
    __read_errno                             0x080002f5   Thumb Code    10  _rserrno.o(.text)
    __set_errno                              0x080002ff   Thumb Code    12  _rserrno.o(.text)
    __aeabi_errno_addr                       0x0800030d   Thumb Code     8  rt_errno_addr_intlibspace.o(.text)
    __errno$intlibspace                      0x0800030d   Thumb Code     0  rt_errno_addr_intlibspace.o(.text)
    __rt_errno_addr$intlibspace              0x0800030d   Thumb Code     0  rt_errno_addr_intlibspace.o(.text)
    __user_libspace                          0x08000315   Thumb Code     8  libspace.o(.text)
    __user_perproc_libspace                  0x08000315   Thumb Code     0  libspace.o(.text)
    __user_perthread_libspace                0x08000315   Thumb Code     0  libspace.o(.text)
    __user_setup_stackheap                   0x0800031d   Thumb Code    74  sys_stackheap_outer.o(.text)
    exit                                     0x08000367   Thumb Code    18  exit.o(.text)
    _sys_exit                                0x08000379   Thumb Code     8  sys_exit.o(.text)
    __I$use$semihosting                      0x08000385   Thumb Code     0  use_no_semi.o(.text)
    __use_no_semihosting_swi                 0x08000385   Thumb Code     2  use_no_semi.o(.text)
    __semihosting_library_function           0x08000387   Thumb Code     0  indicate_semi.o(.text)
    Blance                                   0x08000389   Thumb Code    84  pid.o(i.Blance)
    BusFault_Handler                         0x080003ed   Thumb Code     4  stm32f1xx_it.o(i.BusFault_Handler)
    Car_Init                                 0x080003f1   Thumb Code    28  cartask.o(i.Car_Init)
    Car_Start                                0x08000421   Thumb Code    80  cartask.o(i.Car_Start)
    Control_Task                             0x080004b1   Thumb Code    58  cartask.o(i.Control_Task)
    Data_Correction                          0x08000501   Thumb Code  1312  angle.o(i.Data_Correction)
    Data_Task                                0x08000a2d   Thumb Code    50  cartask.o(i.Data_Task)
    DebugMon_Handler                         0x08000a65   Thumb Code     2  stm32f1xx_it.o(i.DebugMon_Handler)
    Encoder_SpeedGet                         0x08000a69   Thumb Code    44  encoder.o(i.Encoder_SpeedGet)
    Error_Handler                            0x08000aa5   Thumb Code     6  main.o(i.Error_Handler)
    Get_Angle                                0x08000aad   Thumb Code   312  angle.o(i.Get_Angle)
    HAL_DMA_Abort                            0x08000c05   Thumb Code    86  stm32f1xx_hal_dma.o(i.HAL_DMA_Abort)
    HAL_DMA_Abort_IT                         0x08000c5d   Thumb Code   172  stm32f1xx_hal_dma.o(i.HAL_DMA_Abort_IT)
    HAL_Delay                                0x08000d0d   Thumb Code    36  stm32f1xx_hal.o(i.HAL_Delay)
    HAL_GPIO_Init                            0x08000d35   Thumb Code   766  stm32f1xx_hal_gpio.o(i.HAL_GPIO_Init)
    HAL_GPIO_ReadPin                         0x08001055   Thumb Code    16  stm32f1xx_hal_gpio.o(i.HAL_GPIO_ReadPin)
    HAL_GPIO_WritePin                        0x08001065   Thumb Code    12  stm32f1xx_hal_gpio.o(i.HAL_GPIO_WritePin)
    HAL_GetTick                              0x08001071   Thumb Code     6  stm32f1xx_hal.o(i.HAL_GetTick)
    HAL_IncTick                              0x0800107d   Thumb Code    16  stm32f1xx_hal.o(i.HAL_IncTick)
    HAL_Init                                 0x08001095   Thumb Code    34  stm32f1xx_hal.o(i.HAL_Init)
    HAL_InitTick                             0x080010bd   Thumb Code   158  stm32f1xx_hal_timebase_tim.o(i.HAL_InitTick)
    HAL_MspInit                              0x08001171   Thumb Code    86  stm32f1xx_hal_msp.o(i.HAL_MspInit)
    HAL_NVIC_EnableIRQ                       0x080011d1   Thumb Code    32  stm32f1xx_hal_cortex.o(i.HAL_NVIC_EnableIRQ)
    HAL_NVIC_SetPriority                     0x080011f1   Thumb Code   124  stm32f1xx_hal_cortex.o(i.HAL_NVIC_SetPriority)
    HAL_NVIC_SetPriorityGrouping             0x0800126d   Thumb Code    32  stm32f1xx_hal_cortex.o(i.HAL_NVIC_SetPriorityGrouping)
    HAL_RCC_ClockConfig                      0x08001295   Thumb Code   376  stm32f1xx_hal_rcc.o(i.HAL_RCC_ClockConfig)
    HAL_RCC_GetClockConfig                   0x08001421   Thumb Code    58  stm32f1xx_hal_rcc.o(i.HAL_RCC_GetClockConfig)
    HAL_RCC_GetHCLKFreq                      0x08001465   Thumb Code     6  stm32f1xx_hal_rcc.o(i.HAL_RCC_GetHCLKFreq)
    HAL_RCC_GetPCLK1Freq                     0x08001471   Thumb Code    22  stm32f1xx_hal_rcc.o(i.HAL_RCC_GetPCLK1Freq)
    HAL_RCC_GetPCLK2Freq                     0x08001491   Thumb Code    22  stm32f1xx_hal_rcc.o(i.HAL_RCC_GetPCLK2Freq)
    HAL_RCC_GetSysClockFreq                  0x080014b1   Thumb Code    92  stm32f1xx_hal_rcc.o(i.HAL_RCC_GetSysClockFreq)
    HAL_RCC_OscConfig                        0x08001521   Thumb Code  1114  stm32f1xx_hal_rcc.o(i.HAL_RCC_OscConfig)
    HAL_TIMEx_BreakCallback                  0x08001985   Thumb Code     2  stm32f1xx_hal_tim_ex.o(i.HAL_TIMEx_BreakCallback)
    HAL_TIMEx_CommutCallback                 0x08001987   Thumb Code     2  stm32f1xx_hal_tim_ex.o(i.HAL_TIMEx_CommutCallback)
    HAL_TIMEx_ConfigBreakDeadTime            0x08001989   Thumb Code   116  stm32f1xx_hal_tim_ex.o(i.HAL_TIMEx_ConfigBreakDeadTime)
    HAL_TIMEx_MasterConfigSynchronization    0x080019fd   Thumb Code   118  stm32f1xx_hal_tim_ex.o(i.HAL_TIMEx_MasterConfigSynchronization)
    HAL_TIM_Base_Init                        0x08001a81   Thumb Code   102  stm32f1xx_hal_tim.o(i.HAL_TIM_Base_Init)
    HAL_TIM_Base_MspInit                     0x08001ae9   Thumb Code    40  tim.o(i.HAL_TIM_Base_MspInit)
    HAL_TIM_Base_Start_IT                    0x08001b19   Thumb Code   106  stm32f1xx_hal_tim.o(i.HAL_TIM_Base_Start_IT)
    HAL_TIM_ConfigClockSource                0x08001b91   Thumb Code   268  stm32f1xx_hal_tim.o(i.HAL_TIM_ConfigClockSource)
    HAL_TIM_Encoder_Init                     0x08001c9d   Thumb Code   196  stm32f1xx_hal_tim.o(i.HAL_TIM_Encoder_Init)
    HAL_TIM_Encoder_MspInit                  0x08001d61   Thumb Code   182  tim.o(i.HAL_TIM_Encoder_MspInit)
    HAL_TIM_Encoder_Start                    0x08001e29   Thumb Code   204  stm32f1xx_hal_tim.o(i.HAL_TIM_Encoder_Start)
    HAL_TIM_IC_CaptureCallback               0x08001ef5   Thumb Code     2  stm32f1xx_hal_tim.o(i.HAL_TIM_IC_CaptureCallback)
    HAL_TIM_IRQHandler                       0x08001ef7   Thumb Code   364  stm32f1xx_hal_tim.o(i.HAL_TIM_IRQHandler)
    HAL_TIM_MspPostInit                      0x08002065   Thumb Code    76  tim.o(i.HAL_TIM_MspPostInit)
    HAL_TIM_OC_DelayElapsedCallback          0x080020bd   Thumb Code     2  stm32f1xx_hal_tim.o(i.HAL_TIM_OC_DelayElapsedCallback)
    HAL_TIM_PWM_ConfigChannel                0x080020bf   Thumb Code   260  stm32f1xx_hal_tim.o(i.HAL_TIM_PWM_ConfigChannel)
    HAL_TIM_PWM_Init                         0x080021c3   Thumb Code   102  stm32f1xx_hal_tim.o(i.HAL_TIM_PWM_Init)
    HAL_TIM_PWM_MspInit                      0x08002229   Thumb Code     2  stm32f1xx_hal_tim.o(i.HAL_TIM_PWM_MspInit)
    HAL_TIM_PWM_PulseFinishedCallback        0x0800222b   Thumb Code     2  stm32f1xx_hal_tim.o(i.HAL_TIM_PWM_PulseFinishedCallback)
    HAL_TIM_PWM_Start                        0x0800222d   Thumb Code   198  stm32f1xx_hal_tim.o(i.HAL_TIM_PWM_Start)
    HAL_TIM_PeriodElapsedCallback            0x08002301   Thumb Code    18  main.o(i.HAL_TIM_PeriodElapsedCallback)
    HAL_TIM_TriggerCallback                  0x08002319   Thumb Code     2  stm32f1xx_hal_tim.o(i.HAL_TIM_TriggerCallback)
    HAL_UARTEx_RxEventCallback               0x0800231b   Thumb Code     2  stm32f1xx_hal_uart.o(i.HAL_UARTEx_RxEventCallback)
    HAL_UART_ErrorCallback                   0x0800231d   Thumb Code     2  stm32f1xx_hal_uart.o(i.HAL_UART_ErrorCallback)
    HAL_UART_IRQHandler                      0x08002321   Thumb Code   736  stm32f1xx_hal_uart.o(i.HAL_UART_IRQHandler)
    HAL_UART_Init                            0x08002605   Thumb Code   118  stm32f1xx_hal_uart.o(i.HAL_UART_Init)
    HAL_UART_MspInit                         0x0800267d   Thumb Code   138  usart.o(i.HAL_UART_MspInit)
    HAL_UART_RxCpltCallback                  0x08002715   Thumb Code     2  stm32f1xx_hal_uart.o(i.HAL_UART_RxCpltCallback)
    HAL_UART_TxCpltCallback                  0x08002717   Thumb Code     2  stm32f1xx_hal_uart.o(i.HAL_UART_TxCpltCallback)
    HardFault_Handler                        0x08002719   Thumb Code     4  stm32f1xx_it.o(i.HardFault_Handler)
    I2C_ReadReg                              0x0800271d   Thumb Code    66  myi2c.o(i.I2C_ReadReg)
    I2C_WriteReg                             0x0800275f   Thumb Code    48  myi2c.o(i.I2C_WriteReg)
    MPU6050_GetCaliberateData                0x08002791   Thumb Code   142  mpu6050.o(i.MPU6050_GetCaliberateData)
    MPU6050_GetData                          0x08002825   Thumb Code   196  mpu6050.o(i.MPU6050_GetData)
    MPU6050_Init                             0x080028e9   Thumb Code    80  mpu6050.o(i.MPU6050_Init)
    MX_GPIO_Init                             0x08002939   Thumb Code   198  gpio.o(i.MX_GPIO_Init)
    MX_TIM1_Init                             0x08002a09   Thumb Code   222  tim.o(i.MX_TIM1_Init)
    MX_TIM2_Init                             0x08002af1   Thumb Code   122  tim.o(i.MX_TIM2_Init)
    MX_TIM4_Init                             0x08002b71   Thumb Code   120  tim.o(i.MX_TIM4_Init)
    MX_USART3_UART_Init                      0x08002bf1   Thumb Code    46  usart.o(i.MX_USART3_UART_Init)
    MemManage_Handler                        0x08002c29   Thumb Code     4  stm32f1xx_it.o(i.MemManage_Handler)
    MotorL_Direction                         0x08002c2d   Thumb Code    82  motor.o(i.MotorL_Direction)
    MotorR_Direction                         0x08002c85   Thumb Code    82  motor.o(i.MotorR_Direction)
    Motor_SetSpeed                           0x08002cdd   Thumb Code    72  motor.o(i.Motor_SetSpeed)
    MyI2C_R_SDA                              0x08002d25   Thumb Code    16  myi2c.o(i.MyI2C_R_SDA)
    MyI2C_ReceiveAck                         0x08002d39   Thumb Code    30  myi2c.o(i.MyI2C_ReceiveAck)
    MyI2C_ReceiveByte                        0x08002d57   Thumb Code    52  myi2c.o(i.MyI2C_ReceiveByte)
    MyI2C_SendAck                            0x08002d8b   Thumb Code    24  myi2c.o(i.MyI2C_SendAck)
    MyI2C_SendByte                           0x08002da3   Thumb Code    42  myi2c.o(i.MyI2C_SendByte)
    MyI2C_Start                              0x08002dcd   Thumb Code    28  myi2c.o(i.MyI2C_Start)
    MyI2C_Stop                               0x08002de9   Thumb Code    22  myi2c.o(i.MyI2C_Stop)
    MyI2C_W_SCL                              0x08002e01   Thumb Code    16  myi2c.o(i.MyI2C_W_SCL)
    MyI2C_W_SDA                              0x08002e15   Thumb Code    16  myi2c.o(i.MyI2C_W_SDA)
    NMI_Handler                              0x08002e29   Thumb Code     4  stm32f1xx_it.o(i.NMI_Handler)
    OLED_Clear                               0x08002e2d   Thumb Code    42  oled.o(i.OLED_Clear)
    OLED_I2C_SendByte                        0x08002e59   Thumb Code    80  oled.o(i.OLED_I2C_SendByte)
    OLED_I2C_Start                           0x08002ead   Thumb Code    48  oled.o(i.OLED_I2C_Start)
    OLED_I2C_Stop                            0x08002ee1   Thumb Code    36  oled.o(i.OLED_I2C_Stop)
    OLED_Init                                0x08002f09   Thumb Code   170  oled.o(i.OLED_Init)
    OLED_Pow                                 0x08002fb3   Thumb Code    20  oled.o(i.OLED_Pow)
    OLED_SetCursor                           0x08002fc7   Thumb Code    34  oled.o(i.OLED_SetCursor)
    OLED_ShowChar                            0x08002fe9   Thumb Code   110  oled.o(i.OLED_ShowChar)
    OLED_ShowSignedNum                       0x0800305d   Thumb Code   102  oled.o(i.OLED_ShowSignedNum)
    OLED_WriteCommand                        0x080030c3   Thumb Code    32  oled.o(i.OLED_WriteCommand)
    OLED_WriteData                           0x080030e3   Thumb Code    32  oled.o(i.OLED_WriteData)
    PWM_Get                                  0x08003105   Thumb Code   120  pid.o(i.PWM_Get)
    PWM_SetCpmpare1                          0x08003191   Thumb Code     8  motor.o(i.PWM_SetCpmpare1)
    PWM_SetCpmpare4                          0x0800319d   Thumb Code     8  motor.o(i.PWM_SetCpmpare4)
    Show_Task                                0x080031d1   Thumb Code    32  cartask.o(i.Show_Task)
    SysTick_Handler                          0x080031f5   Thumb Code    16  stm32f1xx_it.o(i.SysTick_Handler)
    SystemClock_Config                       0x08003205   Thumb Code   102  main.o(i.SystemClock_Config)
    SystemInit                               0x0800326b   Thumb Code     2  system_stm32f1xx.o(i.SystemInit)
    TIM3_IRQHandler                          0x0800326d   Thumb Code    10  stm32f1xx_it.o(i.TIM3_IRQHandler)
    TIM_Base_SetConfig                       0x0800327d   Thumb Code   120  stm32f1xx_hal_tim.o(i.TIM_Base_SetConfig)
    TIM_CCxChannelCmd                        0x08003301   Thumb Code    34  stm32f1xx_hal_tim.o(i.TIM_CCxChannelCmd)
    TIM_ETR_SetConfig                        0x08003323   Thumb Code    22  stm32f1xx_hal_tim.o(i.TIM_ETR_SetConfig)
    TIM_OC2_SetConfig                        0x080033ad   Thumb Code   100  stm32f1xx_hal_tim.o(i.TIM_OC2_SetConfig)
    USART3_IRQHandler                        0x0800380d   Thumb Code    10  stm32f1xx_it.o(i.USART3_IRQHandler)
    UsageFault_Handler                       0x0800381d   Thumb Code     4  stm32f1xx_it.o(i.UsageFault_Handler)
    Velocity                                 0x08003821   Thumb Code   236  pid.o(i.Velocity)
    __ARM_fpclassify                         0x08003939   Thumb Code    40  fpclassify.o(i.__ARM_fpclassify)
    __kernel_poly                            0x08003999   Thumb Code   170  poly.o(i.__kernel_poly)
    __mathlib_dbl_infnan                     0x08003a43   Thumb Code     6  dunder.o(i.__mathlib_dbl_infnan)
    __mathlib_dbl_infnan2                    0x08003a49   Thumb Code     4  dunder.o(i.__mathlib_dbl_infnan2)
    __mathlib_dbl_invalid                    0x08003a4d   Thumb Code    12  dunder.o(i.__mathlib_dbl_invalid)
    __mathlib_dbl_underflow                  0x08003a59   Thumb Code    10  dunder.o(i.__mathlib_dbl_underflow)
    asin                                     0x08003a69   Thumb Code   572  asin.o(i.asin)
    atan                                     0x08003cd9   Thumb Code   474  atan.o(i.atan)
    atan2                                    0x08003ef9   Thumb Code   374  atan2.o(i.atan2)
    imu_GetData                              0x08004095   Thumb Code   190  angle.o(i.imu_GetData)
    invSqrt                                  0x08004179   Thumb Code    72  angle.o(i.invSqrt)
    main                                     0x080041c5   Thumb Code    92  main.o(i.main)
    pvPortMalloc                             0x08004659   Thumb Code   208  heap_4.o(i.pvPortMalloc)
    pxPortInitialiseStack                    0x0800473d   Thumb Code    30  port.o(i.pxPortInitialiseStack)
    sqrt                                     0x08004761   Thumb Code    76  sqrt.o(i.sqrt)
    ulTaskGenericNotifyTake                  0x080047ad   Thumb Code   128  tasks.o(i.ulTaskGenericNotifyTake)
    uxListRemove                             0x08004835   Thumb Code    40  list.o(i.uxListRemove)
    vListInitialise                          0x0800485d   Thumb Code    26  list.o(i.vListInitialise)
    vListInitialiseItem                      0x08004877   Thumb Code     6  list.o(i.vListInitialiseItem)
    vListInsert                              0x0800487d   Thumb Code    52  list.o(i.vListInsert)
    vListInsertEnd                           0x080048b1   Thumb Code    24  list.o(i.vListInsertEnd)
    vPortEnterCritical                       0x080048c9   Thumb Code    30  port.o(i.vPortEnterCritical)
    vPortExitCritical                        0x080048ed   Thumb Code    28  port.o(i.vPortExitCritical)
    vPortFree                                0x0800490d   Thumb Code    68  heap_4.o(i.vPortFree)
    vPortSetupTimerInterrupt                 0x08004959   Thumb Code    20  port.o(i.vPortSetupTimerInterrupt)
    vTaskDelay                               0x08004971   Thumb Code    46  tasks.o(i.vTaskDelay)
    vTaskDelete                              0x080049a5   Thumb Code   174  tasks.o(i.vTaskDelete)
    vTaskStartScheduler                      0x08004a79   Thumb Code    76  tasks.o(i.vTaskStartScheduler)
    vTaskSuspendAll                          0x08004ae5   Thumb Code    12  tasks.o(i.vTaskSuspendAll)
    vTaskSwitchContext                       0x08004af5   Thumb Code    76  tasks.o(i.vTaskSwitchContext)
    xPortStartScheduler                      0x08004b55   Thumb Code    42  port.o(i.xPortStartScheduler)
    xPortSysTickHandler                      0x08004b89   Thumb Code    46  port.o(i.xPortSysTickHandler)
    xTaskCreate                              0x08004bbd   Thumb Code   104  tasks.o(i.xTaskCreate)
    xTaskDelayUntil                          0x08004c25   Thumb Code   108  tasks.o(i.xTaskDelayUntil)
    xTaskGenericNotify                       0x08004c99   Thumb Code   314  tasks.o(i.xTaskGenericNotify)
    xTaskGetSchedulerState                   0x08004de5   Thumb Code    24  tasks.o(i.xTaskGetSchedulerState)
    xTaskGetTickCount                        0x08004e05   Thumb Code     6  tasks.o(i.xTaskGetTickCount)
    xTaskIncrementTick                       0x08004e11   Thumb Code   356  tasks.o(i.xTaskIncrementTick)
    xTaskResumeAll                           0x08004fa1   Thumb Code   310  tasks.o(i.xTaskResumeAll)
    __aeabi_d2f                              0x080050fd   Thumb Code     0  d2f.o(x$fpl$d2f)
    _d2f                                     0x080050fd   Thumb Code    98  d2f.o(x$fpl$d2f)
    __aeabi_dadd                             0x08005161   Thumb Code     0  daddsub_clz.o(x$fpl$dadd)
    _dadd                                    0x08005161   Thumb Code   332  daddsub_clz.o(x$fpl$dadd)
    __fpl_dcheck_NaN1                        0x080052b1   Thumb Code    10  dcheck1.o(x$fpl$dcheck1)
    __fpl_dcmp_Inf                           0x080052c1   Thumb Code    24  dcmpi.o(x$fpl$dcmpinf)
    __aeabi_ddiv                             0x080052d9   Thumb Code     0  ddiv.o(x$fpl$ddiv)
    _ddiv                                    0x080052d9   Thumb Code   552  ddiv.o(x$fpl$ddiv)
    __aeabi_cdcmpeq                          0x08005589   Thumb Code     0  deqf.o(x$fpl$deqf)
    _dcmpeq                                  0x08005589   Thumb Code   120  deqf.o(x$fpl$deqf)
    __aeabi_d2iz                             0x08005601   Thumb Code     0  dfix.o(x$fpl$dfix)
    _dfix                                    0x08005601   Thumb Code    94  dfix.o(x$fpl$dfix)
    __aeabi_i2d                              0x0800565f   Thumb Code     0  dflt_clz.o(x$fpl$dflt)
    _dflt                                    0x0800565f   Thumb Code    46  dflt_clz.o(x$fpl$dflt)
    __aeabi_dmul                             0x0800568d   Thumb Code     0  dmul.o(x$fpl$dmul)
    _dmul                                    0x0800568d   Thumb Code   332  dmul.o(x$fpl$dmul)
    __fpl_dnaninf                            0x080057e1   Thumb Code   156  dnaninf.o(x$fpl$dnaninf)
    __fpl_dretinf                            0x0800587d   Thumb Code    12  dretinf.o(x$fpl$dretinf)
    __aeabi_drsub                            0x08005889   Thumb Code     0  daddsub_clz.o(x$fpl$drsb)
    _drsb                                    0x08005889   Thumb Code    22  daddsub_clz.o(x$fpl$drsb)
    _dsqrt                                   0x080058a1   Thumb Code   456  dsqrt_noumaal.o(x$fpl$dsqrt)
    __aeabi_dsub                             0x08005a6d   Thumb Code     0  daddsub_clz.o(x$fpl$dsub)
    _dsub                                    0x08005a6d   Thumb Code   464  daddsub_clz.o(x$fpl$dsub)
    __aeabi_f2d                              0x08005c41   Thumb Code     0  f2d.o(x$fpl$f2d)
    _f2d                                     0x08005c41   Thumb Code    86  f2d.o(x$fpl$f2d)
    __aeabi_fadd                             0x08005c99   Thumb Code     0  faddsub_clz.o(x$fpl$fadd)
    _fadd                                    0x08005c99   Thumb Code   196  faddsub_clz.o(x$fpl$fadd)
    __fpl_fcmp_Inf                           0x08005d5d   Thumb Code    24  fcmpi.o(x$fpl$fcmpinf)
    __aeabi_fdiv                             0x08005d75   Thumb Code     0  fdiv.o(x$fpl$fdiv)
    _fdiv                                    0x08005d75   Thumb Code   384  fdiv.o(x$fpl$fdiv)
    __aeabi_f2iz                             0x08005ef9   Thumb Code     0  ffix.o(x$fpl$ffix)
    _ffix                                    0x08005ef9   Thumb Code    54  ffix.o(x$fpl$ffix)
    __aeabi_i2f                              0x08005f31   Thumb Code     0  fflt_clz.o(x$fpl$fflt)
    _fflt                                    0x08005f31   Thumb Code    48  fflt_clz.o(x$fpl$fflt)
    __aeabi_cfcmple                          0x08005f61   Thumb Code     0  fleqf.o(x$fpl$fleqf)
    _fcmple                                  0x08005f61   Thumb Code   104  fleqf.o(x$fpl$fleqf)
    __fpl_fcmple_InfNaN                      0x08005fb3   Thumb Code     0  fleqf.o(x$fpl$fleqf)
    __aeabi_fmul                             0x08005fc9   Thumb Code     0  fmul.o(x$fpl$fmul)
    _fmul                                    0x08005fc9   Thumb Code   258  fmul.o(x$fpl$fmul)
    __fpl_fnaninf                            0x080060cb   Thumb Code   140  fnaninf.o(x$fpl$fnaninf)
    __fpl_fretinf                            0x08006157   Thumb Code    10  fretinf.o(x$fpl$fretinf)
    __aeabi_cfrcmple                         0x08006161   Thumb Code     0  frleqf.o(x$fpl$frleqf)
    _frcmple                                 0x08006161   Thumb Code    98  frleqf.o(x$fpl$frleqf)
    __aeabi_frsub                            0x080061c3   Thumb Code     0  faddsub_clz.o(x$fpl$frsb)
    _frsb                                    0x080061c3   Thumb Code    20  faddsub_clz.o(x$fpl$frsb)
    __aeabi_fsub                             0x080061d9   Thumb Code     0  faddsub_clz.o(x$fpl$fsub)
    _fsub                                    0x080061d9   Thumb Code   234  faddsub_clz.o(x$fpl$fsub)
    __fpl_return_NaN                         0x080062c3   Thumb Code   100  retnan.o(x$fpl$retnan)
    __ARM_scalbn                             0x08006327   Thumb Code    92  scalbn.o(x$fpl$scalbn)
    __fpl_cmpreturn                          0x08006383   Thumb Code    48  trapv.o(x$fpl$trapveneer)
    AHBPrescTable                            0x080063b2   Data          16  system_stm32f1xx.o(.constdata)
    __I$use$fp                               0x080063b2   Number         0  usenofp.o(x$fpl$usenofp)
    APBPrescTable                            0x080063c2   Data           8  system_stm32f1xx.o(.constdata)
    OLED_F8x16                               0x080063dc   Data        1520  oled.o(.constdata)
    __mathlib_zero                           0x08006ab8   Data           8  qnan.o(.constdata)
    Region$$Table$$Base                      0x08006ac0   Number         0  anon$$obj.o(Region$$Table)
    Region$$Table$$Limit                     0x08006ae0   Number         0  anon$$obj.o(Region$$Table)
    SystemCoreClock                          0x20000000   Data           4  system_stm32f1xx.o(.data)
    uwTick                                   0x20000004   Data           4  stm32f1xx_hal.o(.data)
    uwTickPrio                               0x20000008   Data           4  stm32f1xx_hal.o(.data)
    uwTickFreq                               0x2000000c   Data           1  stm32f1xx_hal.o(.data)
    pxCurrentTCB                             0x20000010   Data           4  tasks.o(.data)
    uxTopUsedPriority                        0x20000048   Data           4  tasks.o(.data)
    EncoderL                                 0x20000070   Data           2  encoder.o(.data)
    EncoderR                                 0x20000072   Data           2  encoder.o(.data)
    data_bias                                0x20000074   Data          12  mpu6050.o(.data)
    ax                                       0x20000080   Data           2  angle.o(.data)
    ay                                       0x20000082   Data           2  angle.o(.data)
    az                                       0x20000084   Data           2  angle.o(.data)
    gx                                       0x20000086   Data           2  angle.o(.data)
    gy                                       0x20000088   Data           2  angle.o(.data)
    gz                                       0x2000008a   Data           2  angle.o(.data)
    normalax                                 0x2000008c   Data           4  angle.o(.data)
    normalay                                 0x20000090   Data           4  angle.o(.data)
    normalaz                                 0x20000094   Data           4  angle.o(.data)
    q                                        0x20000098   Data          16  angle.o(.data)
    vx                                       0x200000a8   Data           4  angle.o(.data)
    vy                                       0x200000ac   Data           4  angle.o(.data)
    vz                                       0x200000b0   Data           4  angle.o(.data)
    biasx                                    0x200000b4   Data           4  angle.o(.data)
    biasy                                    0x200000b8   Data           4  angle.o(.data)
    biasz                                    0x200000bc   Data           4  angle.o(.data)
    biasx_intigral                           0x200000c0   Data           4  angle.o(.data)
    biasy_intigral                           0x200000c4   Data           4  angle.o(.data)
    biasz_intigral                           0x200000c8   Data           4  angle.o(.data)
    roll                                     0x200000cc   Data           4  angle.o(.data)
    pitch                                    0x200000d0   Data           4  angle.o(.data)
    yaw                                      0x200000d4   Data           4  angle.o(.data)
    g_roll                                   0x200000d8   Data           4  angle.o(.data)
    g_pitch                                  0x200000dc   Data           4  angle.o(.data)
    k_roll                                   0x200000e0   Data           4  angle.o(.data)
    k_pitch                                  0x200000e4   Data           4  angle.o(.data)
    gx_bias                                  0x200000e8   Data           4  angle.o(.data)
    gy_bias                                  0x200000ec   Data           4  angle.o(.data)
    z_roll                                   0x200000f0   Data           4  angle.o(.data)
    z_pitch                                  0x200000f4   Data           4  angle.o(.data)
    pitch_P                                  0x200000f8   Data          16  angle.o(.data)
    Q_angle                                  0x20000108   Data           4  angle.o(.data)
    Q_bias                                   0x2000010c   Data           4  angle.o(.data)
    R                                        0x20000110   Data           4  angle.o(.data)
    roll_K                                   0x20000114   Data           8  angle.o(.data)
    pitch_K                                  0x2000011c   Data           8  angle.o(.data)
    balance_out                              0x20000124   Data           4  pid.o(.data)
    mechanical_value                         0x20000128   Data           4  pid.o(.data)
    kp_balance                               0x2000012c   Data           4  pid.o(.data)
    kd_balance                               0x20000130   Data           4  pid.o(.data)
    velocity_out                             0x20000134   Data           4  pid.o(.data)
    kp_velocity                              0x20000138   Data           4  pid.o(.data)
    ki_velocity                              0x2000013c   Data           4  pid.o(.data)
    pwm_turn                                 0x20000140   Data           4  pid.o(.data)
    kp_turn                                  0x20000144   Data           4  pid.o(.data)
    kd_turn                                  0x20000148   Data           4  pid.o(.data)
    pwml                                     0x2000014c   Data           4  pid.o(.data)
    pwmr                                     0x20000150   Data           4  pid.o(.data)
    car_start_handle                         0x20000158   Data           4  cartask.o(.data)
    data_task_handle                         0x2000015c   Data           4  cartask.o(.data)
    contro_task_handle                       0x20000160   Data           4  cartask.o(.data)
    show_task_handle                         0x20000164   Data           4  cartask.o(.data)
    imu                                      0x2000404c   Data          24  angle.o(.bss)
    KF_imu                                   0x20004064   Data          24  angle.o(.bss)
    roll_P                                   0x2000407c   Data          16  angle.o(.bss)
    htim1                                    0x2000408c   Data          72  tim.o(.bss)
    htim2                                    0x200040d4   Data          72  tim.o(.bss)
    htim4                                    0x2000411c   Data          72  tim.o(.bss)
    huart3                                   0x20004164   Data          72  usart.o(.bss)
    htim3                                    0x200041ac   Data          72  stm32f1xx_hal_timebase_tim.o(.bss)
    __libspace_start                         0x200041f4   Data          96  libspace.o(.bss)
    __temporary_stack_top$libspace           0x20004254   Data           0  libspace.o(.bss)



==============================================================================

Memory Map of the image

  Image Entry point : 0x080000ed

  Load Region LR_IROM1 (Base: 0x08000000, Size: 0x00006c48, Max: 0x00010000, ABSOLUTE, COMPRESSED[0x00006b24])

    Execution Region ER_IROM1 (Exec base: 0x08000000, Load base: 0x08000000, Size: 0x00006ae0, Max: 0x00010000, ABSOLUTE)

    Exec Addr    Load Addr    Size         Type   Attr      Idx    E Section Name        Object

    0x08000000   0x08000000   0x000000ec   Data   RO            3    RESET               startup_stm32f103xb.o
    0x080000ec   0x080000ec   0x00000008   Code   RO        10503  * !!!main             c_w.l(__main.o)
    0x080000f4   0x080000f4   0x00000034   Code   RO        10953    !!!scatter          c_w.l(__scatter.o)
    0x08000128   0x08000128   0x0000005a   Code   RO        10951    !!dczerorl2         c_w.l(__dczerorl2.o)
    0x08000182   0x08000182   0x00000002   PAD
    0x08000184   0x08000184   0x0000001c   Code   RO        10955    !!handler_zi        c_w.l(__scatter_zi.o)
    0x080001a0   0x080001a0   0x00000002   Code   RO        10818    .ARM.Collect$$libinit$$00000000  c_w.l(libinit.o)
    0x080001a2   0x080001a2   0x00000000   Code   RO        10830    .ARM.Collect$$libinit$$00000002  c_w.l(libinit2.o)
    0x080001a2   0x080001a2   0x00000000   Code   RO        10832    .ARM.Collect$$libinit$$00000004  c_w.l(libinit2.o)
    0x080001a2   0x080001a2   0x00000000   Code   RO        10835    .ARM.Collect$$libinit$$0000000A  c_w.l(libinit2.o)
    0x080001a2   0x080001a2   0x00000000   Code   RO        10837    .ARM.Collect$$libinit$$0000000C  c_w.l(libinit2.o)
    0x080001a2   0x080001a2   0x00000000   Code   RO        10839    .ARM.Collect$$libinit$$0000000E  c_w.l(libinit2.o)
    0x080001a2   0x080001a2   0x00000000   Code   RO        10842    .ARM.Collect$$libinit$$00000011  c_w.l(libinit2.o)
    0x080001a2   0x080001a2   0x00000000   Code   RO        10844    .ARM.Collect$$libinit$$00000013  c_w.l(libinit2.o)
    0x080001a2   0x080001a2   0x00000000   Code   RO        10846    .ARM.Collect$$libinit$$00000015  c_w.l(libinit2.o)
    0x080001a2   0x080001a2   0x00000000   Code   RO        10848    .ARM.Collect$$libinit$$00000017  c_w.l(libinit2.o)
    0x080001a2   0x080001a2   0x00000000   Code   RO        10850    .ARM.Collect$$libinit$$00000019  c_w.l(libinit2.o)
    0x080001a2   0x080001a2   0x00000000   Code   RO        10852    .ARM.Collect$$libinit$$0000001B  c_w.l(libinit2.o)
    0x080001a2   0x080001a2   0x00000000   Code   RO        10854    .ARM.Collect$$libinit$$0000001D  c_w.l(libinit2.o)
    0x080001a2   0x080001a2   0x00000000   Code   RO        10856    .ARM.Collect$$libinit$$0000001F  c_w.l(libinit2.o)
    0x080001a2   0x080001a2   0x00000000   Code   RO        10858    .ARM.Collect$$libinit$$00000021  c_w.l(libinit2.o)
    0x080001a2   0x080001a2   0x00000000   Code   RO        10860    .ARM.Collect$$libinit$$00000023  c_w.l(libinit2.o)
    0x080001a2   0x080001a2   0x00000000   Code   RO        10862    .ARM.Collect$$libinit$$00000025  c_w.l(libinit2.o)
    0x080001a2   0x080001a2   0x00000000   Code   RO        10866    .ARM.Collect$$libinit$$0000002C  c_w.l(libinit2.o)
    0x080001a2   0x080001a2   0x00000000   Code   RO        10868    .ARM.Collect$$libinit$$0000002E  c_w.l(libinit2.o)
    0x080001a2   0x080001a2   0x00000000   Code   RO        10870    .ARM.Collect$$libinit$$00000030  c_w.l(libinit2.o)
    0x080001a2   0x080001a2   0x00000000   Code   RO        10872    .ARM.Collect$$libinit$$00000032  c_w.l(libinit2.o)
    0x080001a2   0x080001a2   0x00000002   Code   RO        10873    .ARM.Collect$$libinit$$00000033  c_w.l(libinit2.o)
    0x080001a4   0x080001a4   0x00000002   Code   RO        10906    .ARM.Collect$$libshutdown$$00000000  c_w.l(libshutdown.o)
    0x080001a6   0x080001a6   0x00000000   Code   RO        10932    .ARM.Collect$$libshutdown$$00000002  c_w.l(libshutdown2.o)
    0x080001a6   0x080001a6   0x00000000   Code   RO        10934    .ARM.Collect$$libshutdown$$00000004  c_w.l(libshutdown2.o)
    0x080001a6   0x080001a6   0x00000000   Code   RO        10936    .ARM.Collect$$libshutdown$$00000006  c_w.l(libshutdown2.o)
    0x080001a6   0x080001a6   0x00000000   Code   RO        10939    .ARM.Collect$$libshutdown$$00000009  c_w.l(libshutdown2.o)
    0x080001a6   0x080001a6   0x00000000   Code   RO        10942    .ARM.Collect$$libshutdown$$0000000C  c_w.l(libshutdown2.o)
    0x080001a6   0x080001a6   0x00000000   Code   RO        10944    .ARM.Collect$$libshutdown$$0000000E  c_w.l(libshutdown2.o)
    0x080001a6   0x080001a6   0x00000000   Code   RO        10947    .ARM.Collect$$libshutdown$$00000011  c_w.l(libshutdown2.o)
    0x080001a6   0x080001a6   0x00000002   Code   RO        10948    .ARM.Collect$$libshutdown$$00000012  c_w.l(libshutdown2.o)
    0x080001a8   0x080001a8   0x00000000   Code   RO        10685    .ARM.Collect$$rtentry$$00000000  c_w.l(__rtentry.o)
    0x080001a8   0x080001a8   0x00000000   Code   RO        10777    .ARM.Collect$$rtentry$$00000002  c_w.l(__rtentry2.o)
    0x080001a8   0x080001a8   0x00000006   Code   RO        10789    .ARM.Collect$$rtentry$$00000004  c_w.l(__rtentry4.o)
    0x080001ae   0x080001ae   0x00000000   Code   RO        10779    .ARM.Collect$$rtentry$$00000009  c_w.l(__rtentry2.o)
    0x080001ae   0x080001ae   0x00000004   Code   RO        10780    .ARM.Collect$$rtentry$$0000000A  c_w.l(__rtentry2.o)
    0x080001b2   0x080001b2   0x00000000   Code   RO        10782    .ARM.Collect$$rtentry$$0000000C  c_w.l(__rtentry2.o)
    0x080001b2   0x080001b2   0x00000008   Code   RO        10783    .ARM.Collect$$rtentry$$0000000D  c_w.l(__rtentry2.o)
    0x080001ba   0x080001ba   0x00000002   Code   RO        10821    .ARM.Collect$$rtexit$$00000000  c_w.l(rtexit.o)
    0x080001bc   0x080001bc   0x00000000   Code   RO        10879    .ARM.Collect$$rtexit$$00000002  c_w.l(rtexit2.o)
    0x080001bc   0x080001bc   0x00000004   Code   RO        10880    .ARM.Collect$$rtexit$$00000003  c_w.l(rtexit2.o)
    0x080001c0   0x080001c0   0x00000006   Code   RO        10881    .ARM.Collect$$rtexit$$00000004  c_w.l(rtexit2.o)
    0x080001c6   0x080001c6   0x00000002   PAD
    0x080001c8   0x080001c8   0x00000096   Code   RO         3292    .emb_text           port.o
    0x0800025e   0x0800025e   0x00000002   PAD
    0x08000260   0x08000260   0x00000040   Code   RO            4    .text               startup_stm32f103xb.o
    0x080002a0   0x080002a0   0x0000004e   Code   RO        10499    .text               c_w.l(rt_memclr_w.o)
    0x080002ee   0x080002ee   0x00000006   Code   RO        10501    .text               c_w.l(heapauxi.o)
    0x080002f4   0x080002f4   0x00000016   Code   RO        10690    .text               c_w.l(_rserrno.o)
    0x0800030a   0x0800030a   0x00000002   PAD
    0x0800030c   0x0800030c   0x00000008   Code   RO        10796    .text               c_w.l(rt_errno_addr_intlibspace.o)
    0x08000314   0x08000314   0x00000008   Code   RO        10802    .text               c_w.l(libspace.o)
    0x0800031c   0x0800031c   0x0000004a   Code   RO        10805    .text               c_w.l(sys_stackheap_outer.o)
    0x08000366   0x08000366   0x00000012   Code   RO        10807    .text               c_w.l(exit.o)
    0x08000378   0x08000378   0x0000000c   Code   RO        10876    .text               c_w.l(sys_exit.o)
    0x08000384   0x08000384   0x00000002   Code   RO        10895    .text               c_w.l(use_no_semi.o)
    0x08000386   0x08000386   0x00000000   Code   RO        10897    .text               c_w.l(indicate_semi.o)
    0x08000386   0x08000386   0x00000002   PAD
    0x08000388   0x08000388   0x00000064   Code   RO         4231    i.Blance            pid.o
    0x080003ec   0x080003ec   0x00000004   Code   RO         4092    i.BusFault_Handler  stm32f1xx_it.o
    0x080003f0   0x080003f0   0x00000030   Code   RO         4280    i.Car_Init          cartask.o
    0x08000420   0x08000420   0x00000090   Code   RO         4281    i.Car_Start         cartask.o
    0x080004b0   0x080004b0   0x00000050   Code   RO         4282    i.Control_Task      cartask.o
    0x08000500   0x08000500   0x0000052c   Code   RO         3767    i.Data_Correction   angle.o
    0x08000a2c   0x08000a2c   0x00000038   Code   RO         4283    i.Data_Task         cartask.o
    0x08000a64   0x08000a64   0x00000002   Code   RO         4093    i.DebugMon_Handler  stm32f1xx_it.o
    0x08000a66   0x08000a66   0x00000002   PAD
    0x08000a68   0x08000a68   0x0000003c   Code   RO         3608    i.Encoder_SpeedGet  encoder.o
    0x08000aa4   0x08000aa4   0x00000006   Code   RO         3879    i.Error_Handler     main.o
    0x08000aaa   0x08000aaa   0x00000002   PAD
    0x08000aac   0x08000aac   0x00000158   Code   RO         3769    i.Get_Angle         angle.o
    0x08000c04   0x08000c04   0x00000056   Code   RO         1541    i.HAL_DMA_Abort     stm32f1xx_hal_dma.o
    0x08000c5a   0x08000c5a   0x00000002   PAD
    0x08000c5c   0x08000c5c   0x000000b0   Code   RO         1542    i.HAL_DMA_Abort_IT  stm32f1xx_hal_dma.o
    0x08000d0c   0x08000d0c   0x00000028   Code   RO         1162    i.HAL_Delay         stm32f1xx_hal.o
    0x08000d34   0x08000d34   0x00000320   Code   RO         1477    i.HAL_GPIO_Init     stm32f1xx_hal_gpio.o
    0x08001054   0x08001054   0x00000010   Code   RO         1479    i.HAL_GPIO_ReadPin  stm32f1xx_hal_gpio.o
    0x08001064   0x08001064   0x0000000c   Code   RO         1481    i.HAL_GPIO_WritePin  stm32f1xx_hal_gpio.o
    0x08001070   0x08001070   0x0000000c   Code   RO         1166    i.HAL_GetTick       stm32f1xx_hal.o
    0x0800107c   0x0800107c   0x00000018   Code   RO         1172    i.HAL_IncTick       stm32f1xx_hal.o
    0x08001094   0x08001094   0x00000028   Code   RO         1173    i.HAL_Init          stm32f1xx_hal.o
    0x080010bc   0x080010bc   0x000000b4   Code   RO         4192    i.HAL_InitTick      stm32f1xx_hal_timebase_tim.o
    0x08001170   0x08001170   0x00000060   Code   RO         4168    i.HAL_MspInit       stm32f1xx_hal_msp.o
    0x080011d0   0x080011d0   0x00000020   Code   RO         1637    i.HAL_NVIC_EnableIRQ  stm32f1xx_hal_cortex.o
    0x080011f0   0x080011f0   0x0000007c   Code   RO         1643    i.HAL_NVIC_SetPriority  stm32f1xx_hal_cortex.o
    0x0800126c   0x0800126c   0x00000028   Code   RO         1644    i.HAL_NVIC_SetPriorityGrouping  stm32f1xx_hal_cortex.o
    0x08001294   0x08001294   0x0000018c   Code   RO         1330    i.HAL_RCC_ClockConfig  stm32f1xx_hal_rcc.o
    0x08001420   0x08001420   0x00000044   Code   RO         1334    i.HAL_RCC_GetClockConfig  stm32f1xx_hal_rcc.o
    0x08001464   0x08001464   0x0000000c   Code   RO         1335    i.HAL_RCC_GetHCLKFreq  stm32f1xx_hal_rcc.o
    0x08001470   0x08001470   0x00000020   Code   RO         1337    i.HAL_RCC_GetPCLK1Freq  stm32f1xx_hal_rcc.o
    0x08001490   0x08001490   0x00000020   Code   RO         1338    i.HAL_RCC_GetPCLK2Freq  stm32f1xx_hal_rcc.o
    0x080014b0   0x080014b0   0x00000070   Code   RO         1339    i.HAL_RCC_GetSysClockFreq  stm32f1xx_hal_rcc.o
    0x08001520   0x08001520   0x00000464   Code   RO         1342    i.HAL_RCC_OscConfig  stm32f1xx_hal_rcc.o
    0x08001984   0x08001984   0x00000002   Code   RO          888    i.HAL_TIMEx_BreakCallback  stm32f1xx_hal_tim_ex.o
    0x08001986   0x08001986   0x00000002   Code   RO          889    i.HAL_TIMEx_CommutCallback  stm32f1xx_hal_tim_ex.o
    0x08001988   0x08001988   0x00000074   Code   RO          891    i.HAL_TIMEx_ConfigBreakDeadTime  stm32f1xx_hal_tim_ex.o
    0x080019fc   0x080019fc   0x00000084   Code   RO          907    i.HAL_TIMEx_MasterConfigSynchronization  stm32f1xx_hal_tim_ex.o
    0x08001a80   0x08001a80   0x00000066   Code   RO          173    i.HAL_TIM_Base_Init  stm32f1xx_hal_tim.o
    0x08001ae6   0x08001ae6   0x00000002   PAD
    0x08001ae8   0x08001ae8   0x00000030   Code   RO         3973    i.HAL_TIM_Base_MspInit  tim.o
    0x08001b18   0x08001b18   0x00000078   Code   RO          178    i.HAL_TIM_Base_Start_IT  stm32f1xx_hal_tim.o
    0x08001b90   0x08001b90   0x0000010c   Code   RO          182    i.HAL_TIM_ConfigClockSource  stm32f1xx_hal_tim.o
    0x08001c9c   0x08001c9c   0x000000c4   Code   RO          194    i.HAL_TIM_Encoder_Init  stm32f1xx_hal_tim.o
    0x08001d60   0x08001d60   0x000000c8   Code   RO         3975    i.HAL_TIM_Encoder_MspInit  tim.o
    0x08001e28   0x08001e28   0x000000cc   Code   RO          197    i.HAL_TIM_Encoder_Start  stm32f1xx_hal_tim.o
    0x08001ef4   0x08001ef4   0x00000002   Code   RO          207    i.HAL_TIM_IC_CaptureCallback  stm32f1xx_hal_tim.o
    0x08001ef6   0x08001ef6   0x0000016c   Code   RO          221    i.HAL_TIM_IRQHandler  stm32f1xx_hal_tim.o
    0x08002062   0x08002062   0x00000002   PAD
    0x08002064   0x08002064   0x00000058   Code   RO         3976    i.HAL_TIM_MspPostInit  tim.o
    0x080020bc   0x080020bc   0x00000002   Code   RO          224    i.HAL_TIM_OC_DelayElapsedCallback  stm32f1xx_hal_tim.o
    0x080020be   0x080020be   0x00000104   Code   RO          245    i.HAL_TIM_PWM_ConfigChannel  stm32f1xx_hal_tim.o
    0x080021c2   0x080021c2   0x00000066   Code   RO          248    i.HAL_TIM_PWM_Init  stm32f1xx_hal_tim.o
    0x08002228   0x08002228   0x00000002   Code   RO          250    i.HAL_TIM_PWM_MspInit  stm32f1xx_hal_tim.o
    0x0800222a   0x0800222a   0x00000002   Code   RO          251    i.HAL_TIM_PWM_PulseFinishedCallback  stm32f1xx_hal_tim.o
    0x0800222c   0x0800222c   0x000000d4   Code   RO          253    i.HAL_TIM_PWM_Start  stm32f1xx_hal_tim.o
    0x08002300   0x08002300   0x00000018   Code   RO         3880    i.HAL_TIM_PeriodElapsedCallback  main.o
    0x08002318   0x08002318   0x00000002   Code   RO          264    i.HAL_TIM_TriggerCallback  stm32f1xx_hal_tim.o
    0x0800231a   0x0800231a   0x00000002   Code   RO         2175    i.HAL_UARTEx_RxEventCallback  stm32f1xx_hal_uart.o
    0x0800231c   0x0800231c   0x00000002   Code   RO         2189    i.HAL_UART_ErrorCallback  stm32f1xx_hal_uart.o
    0x0800231e   0x0800231e   0x00000002   PAD
    0x08002320   0x08002320   0x000002e4   Code   RO         2192    i.HAL_UART_IRQHandler  stm32f1xx_hal_uart.o
    0x08002604   0x08002604   0x00000076   Code   RO         2193    i.HAL_UART_Init     stm32f1xx_hal_uart.o
    0x0800267a   0x0800267a   0x00000002   PAD
    0x0800267c   0x0800267c   0x00000098   Code   RO         4045    i.HAL_UART_MspInit  usart.o
    0x08002714   0x08002714   0x00000002   Code   RO         2199    i.HAL_UART_RxCpltCallback  stm32f1xx_hal_uart.o
    0x08002716   0x08002716   0x00000002   Code   RO         2204    i.HAL_UART_TxCpltCallback  stm32f1xx_hal_uart.o
    0x08002718   0x08002718   0x00000004   Code   RO         4094    i.HardFault_Handler  stm32f1xx_it.o
    0x0800271c   0x0800271c   0x00000042   Code   RO         3683    i.I2C_ReadReg       myi2c.o
    0x0800275e   0x0800275e   0x00000030   Code   RO         3684    i.I2C_WriteReg      myi2c.o
    0x0800278e   0x0800278e   0x00000002   PAD
    0x08002790   0x08002790   0x00000094   Code   RO         3638    i.MPU6050_GetCaliberateData  mpu6050.o
    0x08002824   0x08002824   0x000000c4   Code   RO         3639    i.MPU6050_GetData   mpu6050.o
    0x080028e8   0x080028e8   0x00000050   Code   RO         3640    i.MPU6050_Init      mpu6050.o
    0x08002938   0x08002938   0x000000d0   Code   RO         3948    i.MX_GPIO_Init      gpio.o
    0x08002a08   0x08002a08   0x000000e8   Code   RO         3977    i.MX_TIM1_Init      tim.o
    0x08002af0   0x08002af0   0x00000080   Code   RO         3978    i.MX_TIM2_Init      tim.o
    0x08002b70   0x08002b70   0x00000080   Code   RO         3979    i.MX_TIM4_Init      tim.o
    0x08002bf0   0x08002bf0   0x00000038   Code   RO         4046    i.MX_USART3_UART_Init  usart.o
    0x08002c28   0x08002c28   0x00000004   Code   RO         4095    i.MemManage_Handler  stm32f1xx_it.o
    0x08002c2c   0x08002c2c   0x00000058   Code   RO         3547    i.MotorL_Direction  motor.o
    0x08002c84   0x08002c84   0x00000058   Code   RO         3548    i.MotorR_Direction  motor.o
    0x08002cdc   0x08002cdc   0x00000048   Code   RO         3549    i.Motor_SetSpeed    motor.o
    0x08002d24   0x08002d24   0x00000014   Code   RO         3685    i.MyI2C_R_SDA       myi2c.o
    0x08002d38   0x08002d38   0x0000001e   Code   RO         3686    i.MyI2C_ReceiveAck  myi2c.o
    0x08002d56   0x08002d56   0x00000034   Code   RO         3687    i.MyI2C_ReceiveByte  myi2c.o
    0x08002d8a   0x08002d8a   0x00000018   Code   RO         3688    i.MyI2C_SendAck     myi2c.o
    0x08002da2   0x08002da2   0x0000002a   Code   RO         3689    i.MyI2C_SendByte    myi2c.o
    0x08002dcc   0x08002dcc   0x0000001c   Code   RO         3690    i.MyI2C_Start       myi2c.o
    0x08002de8   0x08002de8   0x00000016   Code   RO         3691    i.MyI2C_Stop        myi2c.o
    0x08002dfe   0x08002dfe   0x00000002   PAD
    0x08002e00   0x08002e00   0x00000014   Code   RO         3692    i.MyI2C_W_SCL       myi2c.o
    0x08002e14   0x08002e14   0x00000014   Code   RO         3693    i.MyI2C_W_SDA       myi2c.o
    0x08002e28   0x08002e28   0x00000004   Code   RO         4096    i.NMI_Handler       stm32f1xx_it.o
    0x08002e2c   0x08002e2c   0x0000002a   Code   RO         3427    i.OLED_Clear        oled.o
    0x08002e56   0x08002e56   0x00000002   PAD
    0x08002e58   0x08002e58   0x00000054   Code   RO         3428    i.OLED_I2C_SendByte  oled.o
    0x08002eac   0x08002eac   0x00000034   Code   RO         3429    i.OLED_I2C_Start    oled.o
    0x08002ee0   0x08002ee0   0x00000028   Code   RO         3430    i.OLED_I2C_Stop     oled.o
    0x08002f08   0x08002f08   0x000000aa   Code   RO         3431    i.OLED_Init         oled.o
    0x08002fb2   0x08002fb2   0x00000014   Code   RO         3432    i.OLED_Pow          oled.o
    0x08002fc6   0x08002fc6   0x00000022   Code   RO         3433    i.OLED_SetCursor    oled.o
    0x08002fe8   0x08002fe8   0x00000074   Code   RO         3435    i.OLED_ShowChar     oled.o
    0x0800305c   0x0800305c   0x00000066   Code   RO         3438    i.OLED_ShowSignedNum  oled.o
    0x080030c2   0x080030c2   0x00000020   Code   RO         3440    i.OLED_WriteCommand  oled.o
    0x080030e2   0x080030e2   0x00000020   Code   RO         3441    i.OLED_WriteData    oled.o
    0x08003102   0x08003102   0x00000002   PAD
    0x08003104   0x08003104   0x0000008c   Code   RO         4232    i.PWM_Get           pid.o
    0x08003190   0x08003190   0x0000000c   Code   RO         3551    i.PWM_SetCpmpare1   motor.o
    0x0800319c   0x0800319c   0x0000000c   Code   RO         3552    i.PWM_SetCpmpare4   motor.o
    0x080031a8   0x080031a8   0x00000028   Code   RO         1343    i.RCC_Delay         stm32f1xx_hal_rcc.o
    0x080031d0   0x080031d0   0x00000024   Code   RO         4284    i.Show_Task         cartask.o
    0x080031f4   0x080031f4   0x00000010   Code   RO         4097    i.SysTick_Handler   stm32f1xx_it.o
    0x08003204   0x08003204   0x00000066   Code   RO         3881    i.SystemClock_Config  main.o
    0x0800326a   0x0800326a   0x00000002   Code   RO           14    i.SystemInit        system_stm32f1xx.o
    0x0800326c   0x0800326c   0x00000010   Code   RO         4098    i.TIM3_IRQHandler   stm32f1xx_it.o
    0x0800327c   0x0800327c   0x00000084   Code   RO          266    i.TIM_Base_SetConfig  stm32f1xx_hal_tim.o
    0x08003300   0x08003300   0x00000022   Code   RO          267    i.TIM_CCxChannelCmd  stm32f1xx_hal_tim.o
    0x08003322   0x08003322   0x00000016   Code   RO          277    i.TIM_ETR_SetConfig  stm32f1xx_hal_tim.o
    0x08003338   0x08003338   0x00000012   Code   RO          278    i.TIM_ITRx_SetConfig  stm32f1xx_hal_tim.o
    0x0800334a   0x0800334a   0x00000002   PAD
    0x0800334c   0x0800334c   0x00000060   Code   RO          279    i.TIM_OC1_SetConfig  stm32f1xx_hal_tim.o
    0x080033ac   0x080033ac   0x00000068   Code   RO          280    i.TIM_OC2_SetConfig  stm32f1xx_hal_tim.o
    0x08003414   0x08003414   0x00000068   Code   RO          281    i.TIM_OC3_SetConfig  stm32f1xx_hal_tim.o
    0x0800347c   0x0800347c   0x00000048   Code   RO          282    i.TIM_OC4_SetConfig  stm32f1xx_hal_tim.o
    0x080034c4   0x080034c4   0x00000026   Code   RO          284    i.TIM_TI1_ConfigInputStage  stm32f1xx_hal_tim.o
    0x080034ea   0x080034ea   0x00000028   Code   RO          286    i.TIM_TI2_ConfigInputStage  stm32f1xx_hal_tim.o
    0x08003512   0x08003512   0x00000014   Code   RO         2206    i.UART_DMAAbortOnError  stm32f1xx_hal_uart.o
    0x08003526   0x08003526   0x0000006c   Code   RO         2216    i.UART_EndRxTransfer  stm32f1xx_hal_uart.o
    0x08003592   0x08003592   0x00000020   Code   RO         2217    i.UART_EndTransmit_IT  stm32f1xx_hal_uart.o
    0x080035b2   0x080035b2   0x000000fc   Code   RO         2219    i.UART_Receive_IT   stm32f1xx_hal_uart.o
    0x080036ae   0x080036ae   0x00000002   PAD
    0x080036b0   0x080036b0   0x000000fc   Code   RO         2220    i.UART_SetConfig    stm32f1xx_hal_uart.o
    0x080037ac   0x080037ac   0x00000060   Code   RO         2223    i.UART_Transmit_IT  stm32f1xx_hal_uart.o
    0x0800380c   0x0800380c   0x00000010   Code   RO         4099    i.USART3_IRQHandler  stm32f1xx_it.o
    0x0800381c   0x0800381c   0x00000004   Code   RO         4100    i.UsageFault_Handler  stm32f1xx_it.o
    0x08003820   0x08003820   0x00000118   Code   RO         4234    i.Velocity          pid.o
    0x08003938   0x08003938   0x00000028   Code   RO        10744    i.__ARM_fpclassify  m_ws.l(fpclassify.o)
    0x08003960   0x08003960   0x00000010   Code   RO         1650    i.__NVIC_GetPriorityGrouping  stm32f1xx_hal_cortex.o
    0x08003970   0x08003970   0x00000028   Code   RO         1651    i.__NVIC_SetPriority  stm32f1xx_hal_cortex.o
    0x08003998   0x08003998   0x000000aa   Code   RO        10762    i.__kernel_poly     m_ws.l(poly.o)
    0x08003a42   0x08003a42   0x00000006   Code   RO        10731    i.__mathlib_dbl_infnan  m_ws.l(dunder.o)
    0x08003a48   0x08003a48   0x00000004   Code   RO        10732    i.__mathlib_dbl_infnan2  m_ws.l(dunder.o)
    0x08003a4c   0x08003a4c   0x0000000c   Code   RO        10733    i.__mathlib_dbl_invalid  m_ws.l(dunder.o)
    0x08003a58   0x08003a58   0x00000010   Code   RO        10736    i.__mathlib_dbl_underflow  m_ws.l(dunder.o)
    0x08003a68   0x08003a68   0x00000270   Code   RO        10578    i.asin              m_ws.l(asin.o)
    0x08003cd8   0x08003cd8   0x00000220   Code   RO        10718    i.atan              m_ws.l(atan.o)
    0x08003ef8   0x08003ef8   0x0000019c   Code   RO        10588    i.atan2             m_ws.l(atan2.o)
    0x08004094   0x08004094   0x000000e4   Code   RO         3770    i.imu_GetData       angle.o
    0x08004178   0x08004178   0x0000004c   Code   RO         3771    i.invSqrt           angle.o
    0x080041c4   0x080041c4   0x00000068   Code   RO         3882    i.main              main.o
    0x0800422c   0x0800422c   0x000000c0   Code   RO         2980    i.prvAddCurrentTaskToDelayedList  tasks.o
    0x080042ec   0x080042ec   0x000000e4   Code   RO         2981    i.prvAddNewTaskToReadyList  tasks.o
    0x080043d0   0x080043d0   0x00000048   Code   RO         2982    i.prvCheckTasksWaitingTermination  tasks.o
    0x08004418   0x08004418   0x00000012   Code   RO         2983    i.prvDeleteTCB      tasks.o
    0x0800442a   0x0800442a   0x00000002   PAD
    0x0800442c   0x0800442c   0x00000070   Code   RO         3363    i.prvHeapInit       heap_4.o
    0x0800449c   0x0800449c   0x00000028   Code   RO         2984    i.prvIdleTask       tasks.o
    0x080044c4   0x080044c4   0x0000007a   Code   RO         2985    i.prvInitialiseNewTask  tasks.o
    0x0800453e   0x0800453e   0x00000002   PAD
    0x08004540   0x08004540   0x00000068   Code   RO         2986    i.prvInitialiseTaskLists  tasks.o
    0x080045a8   0x080045a8   0x00000068   Code   RO         3364    i.prvInsertBlockIntoFreeList  heap_4.o
    0x08004610   0x08004610   0x00000030   Code   RO         2987    i.prvResetNextTaskUnblockTime  tasks.o
    0x08004640   0x08004640   0x00000016   Code   RO         3293    i.prvTaskExitError  port.o
    0x08004656   0x08004656   0x00000002   PAD
    0x08004658   0x08004658   0x000000e4   Code   RO         3366    i.pvPortMalloc      heap_4.o
    0x0800473c   0x0800473c   0x00000024   Code   RO         3294    i.pxPortInitialiseStack  port.o
    0x08004760   0x08004760   0x0000004c   Code   RO        10662    i.sqrt              m_ws.l(sqrt.o)
    0x080047ac   0x080047ac   0x00000088   Code   RO         2989    i.ulTaskGenericNotifyTake  tasks.o
    0x08004834   0x08004834   0x00000028   Code   RO         2661    i.uxListRemove      list.o
    0x0800485c   0x0800485c   0x0000001a   Code   RO         2662    i.vListInitialise   list.o
    0x08004876   0x08004876   0x00000006   Code   RO         2663    i.vListInitialiseItem  list.o
    0x0800487c   0x0800487c   0x00000034   Code   RO         2664    i.vListInsert       list.o
    0x080048b0   0x080048b0   0x00000018   Code   RO         2665    i.vListInsertEnd    list.o
    0x080048c8   0x080048c8   0x00000024   Code   RO         3296    i.vPortEnterCritical  port.o
    0x080048ec   0x080048ec   0x00000020   Code   RO         3297    i.vPortExitCritical  port.o
    0x0800490c   0x0800490c   0x0000004c   Code   RO         3367    i.vPortFree         heap_4.o
    0x08004958   0x08004958   0x00000018   Code   RO         3298    i.vPortSetupTimerInterrupt  port.o
    0x08004970   0x08004970   0x00000034   Code   RO         2995    i.vTaskDelay        tasks.o
    0x080049a4   0x080049a4   0x000000d4   Code   RO         2996    i.vTaskDelete       tasks.o
    0x08004a78   0x08004a78   0x0000006c   Code   RO         3007    i.vTaskStartScheduler  tasks.o
    0x08004ae4   0x08004ae4   0x00000010   Code   RO         3009    i.vTaskSuspendAll   tasks.o
    0x08004af4   0x08004af4   0x00000060   Code   RO         3010    i.vTaskSwitchContext  tasks.o
    0x08004b54   0x08004b54   0x00000034   Code   RO         3299    i.xPortStartScheduler  port.o
    0x08004b88   0x08004b88   0x00000034   Code   RO         3300    i.xPortSysTickHandler  port.o
    0x08004bbc   0x08004bbc   0x00000068   Code   RO         3013    i.xTaskCreate       tasks.o
    0x08004c24   0x08004c24   0x00000074   Code   RO         3014    i.xTaskDelayUntil   tasks.o
    0x08004c98   0x08004c98   0x0000014c   Code   RO         3015    i.xTaskGenericNotify  tasks.o
    0x08004de4   0x08004de4   0x00000020   Code   RO         3020    i.xTaskGetSchedulerState  tasks.o
    0x08004e04   0x08004e04   0x0000000c   Code   RO         3021    i.xTaskGetTickCount  tasks.o
    0x08004e10   0x08004e10   0x00000190   Code   RO         3023    i.xTaskIncrementTick  tasks.o
    0x08004fa0   0x08004fa0   0x0000015c   Code   RO         3025    i.xTaskResumeAll    tasks.o
    0x080050fc   0x080050fc   0x00000062   Code   RO        10505    x$fpl$d2f           fz_ws.l(d2f.o)
    0x0800515e   0x0800515e   0x00000002   PAD
    0x08005160   0x08005160   0x00000150   Code   RO        10507    x$fpl$dadd          fz_ws.l(daddsub_clz.o)
    0x080052b0   0x080052b0   0x00000010   Code   RO        10798    x$fpl$dcheck1       fz_ws.l(dcheck1.o)
    0x080052c0   0x080052c0   0x00000018   Code   RO        10692    x$fpl$dcmpinf       fz_ws.l(dcmpi.o)
    0x080052d8   0x080052d8   0x000002b0   Code   RO        10514    x$fpl$ddiv          fz_ws.l(ddiv.o)
    0x08005588   0x08005588   0x00000078   Code   RO        10517    x$fpl$deqf          fz_ws.l(deqf.o)
    0x08005600   0x08005600   0x0000005e   Code   RO        10519    x$fpl$dfix          fz_ws.l(dfix.o)
    0x0800565e   0x0800565e   0x0000002e   Code   RO        10528    x$fpl$dflt          fz_ws.l(dflt_clz.o)
    0x0800568c   0x0800568c   0x00000154   Code   RO        10535    x$fpl$dmul          fz_ws.l(dmul.o)
    0x080057e0   0x080057e0   0x0000009c   Code   RO        10694    x$fpl$dnaninf       fz_ws.l(dnaninf.o)
    0x0800587c   0x0800587c   0x0000000c   Code   RO        10696    x$fpl$dretinf       fz_ws.l(dretinf.o)
    0x08005888   0x08005888   0x00000016   Code   RO        10508    x$fpl$drsb          fz_ws.l(daddsub_clz.o)
    0x0800589e   0x0800589e   0x00000002   PAD
    0x080058a0   0x080058a0   0x000001cc   Code   RO        10698    x$fpl$dsqrt         fz_ws.l(dsqrt_noumaal.o)
    0x08005a6c   0x08005a6c   0x000001d4   Code   RO        10509    x$fpl$dsub          fz_ws.l(daddsub_clz.o)
    0x08005c40   0x08005c40   0x00000056   Code   RO        10539    x$fpl$f2d           fz_ws.l(f2d.o)
    0x08005c96   0x08005c96   0x00000002   PAD
    0x08005c98   0x08005c98   0x000000c4   Code   RO        10541    x$fpl$fadd          fz_ws.l(faddsub_clz.o)
    0x08005d5c   0x08005d5c   0x00000018   Code   RO        10700    x$fpl$fcmpinf       fz_ws.l(fcmpi.o)
    0x08005d74   0x08005d74   0x00000184   Code   RO        10548    x$fpl$fdiv          fz_ws.l(fdiv.o)
    0x08005ef8   0x08005ef8   0x00000036   Code   RO        10553    x$fpl$ffix          fz_ws.l(ffix.o)
    0x08005f2e   0x08005f2e   0x00000002   PAD
    0x08005f30   0x08005f30   0x00000030   Code   RO        10566    x$fpl$fflt          fz_ws.l(fflt_clz.o)
    0x08005f60   0x08005f60   0x00000068   Code   RO        10571    x$fpl$fleqf         fz_ws.l(fleqf.o)
    0x08005fc8   0x08005fc8   0x00000102   Code   RO        10573    x$fpl$fmul          fz_ws.l(fmul.o)
    0x080060ca   0x080060ca   0x0000008c   Code   RO        10702    x$fpl$fnaninf       fz_ws.l(fnaninf.o)
    0x08006156   0x08006156   0x0000000a   Code   RO        10704    x$fpl$fretinf       fz_ws.l(fretinf.o)
    0x08006160   0x08006160   0x00000062   Code   RO        10575    x$fpl$frleqf        fz_ws.l(frleqf.o)
    0x080061c2   0x080061c2   0x00000014   Code   RO        10542    x$fpl$frsb          fz_ws.l(faddsub_clz.o)
    0x080061d6   0x080061d6   0x00000002   PAD
    0x080061d8   0x080061d8   0x000000ea   Code   RO        10543    x$fpl$fsub          fz_ws.l(faddsub_clz.o)
    0x080062c2   0x080062c2   0x00000064   Code   RO        10819    x$fpl$retnan        fz_ws.l(retnan.o)
    0x08006326   0x08006326   0x0000005c   Code   RO        10712    x$fpl$scalbn        fz_ws.l(scalbn.o)
    0x08006382   0x08006382   0x00000030   Code   RO        10874    x$fpl$trapveneer    fz_ws.l(trapv.o)
    0x080063b2   0x080063b2   0x00000000   Code   RO        10716    x$fpl$usenofp       fz_ws.l(usenofp.o)
    0x080063b2   0x080063b2   0x00000018   Data   RO           15    .constdata          system_stm32f1xx.o
    0x080063ca   0x080063ca   0x00000012   Data   RO         1344    .constdata          stm32f1xx_hal_rcc.o
    0x080063dc   0x080063dc   0x000005f0   Data   RO         3442    .constdata          oled.o
    0x080069cc   0x080069cc   0x00000004   PAD
    0x080069d0   0x080069d0   0x00000050   Data   RO        10579    .constdata          m_ws.l(asin.o)
    0x08006a20   0x08006a20   0x00000098   Data   RO        10719    .constdata          m_ws.l(atan.o)
    0x08006ab8   0x08006ab8   0x00000008   Data   RO        10764    .constdata          m_ws.l(qnan.o)
    0x08006ac0   0x08006ac0   0x00000020   Data   RO        10949    Region$$Table       anon$$obj.o


    Execution Region RW_IRAM1 (Exec base: 0x20000000, Load base: 0x08006ae0, Size: 0x00004858, Max: 0x00005000, ABSOLUTE, COMPRESSED[0x00000044])

    Exec Addr    Load Addr    Size         Type   Attr      Idx    E Section Name        Object

    0x20000000   COMPRESSED   0x00000004   Data   RW           16    .data               system_stm32f1xx.o
    0x20000004   COMPRESSED   0x00000009   Data   RW         1180    .data               stm32f1xx_hal.o
    0x2000000d   COMPRESSED   0x00000003   PAD
    0x20000010   COMPRESSED   0x00000040   Data   RW         3028    .data               tasks.o
    0x20000050   COMPRESSED   0x00000004   Data   RW         3301    .data               port.o
    0x20000054   COMPRESSED   0x0000001c   Data   RW         3373    .data               heap_4.o
    0x20000070   COMPRESSED   0x00000004   Data   RW         3609    .data               encoder.o
    0x20000074   COMPRESSED   0x0000000c   Data   RW         3641    .data               mpu6050.o
    0x20000080   COMPRESSED   0x000000a4   Data   RW         3773    .data               angle.o
    0x20000124   COMPRESSED   0x00000034   Data   RW         4235    .data               pid.o
    0x20000158   COMPRESSED   0x00000010   Data   RW         4285    .data               cartask.o
    0x20000168        -       0x000002e4   Zero   RW         3027    .bss                tasks.o
    0x2000044c        -       0x00003c00   Zero   RW         3372    .bss                heap_4.o
    0x2000404c        -       0x00000040   Zero   RW         3772    .bss                angle.o
    0x2000408c        -       0x000000d8   Zero   RW         3980    .bss                tim.o
    0x20004164        -       0x00000048   Zero   RW         4048    .bss                usart.o
    0x200041ac        -       0x00000048   Zero   RW         4195    .bss                stm32f1xx_hal_timebase_tim.o
    0x200041f4        -       0x00000060   Zero   RW        10803    .bss                c_w.l(libspace.o)
    0x20004254   COMPRESSED   0x00000004   PAD
    0x20004258        -       0x00000200   Zero   RW            2    HEAP                startup_stm32f103xb.o
    0x20004458        -       0x00000400   Zero   RW            1    STACK               startup_stm32f103xb.o


==============================================================================

Image component sizes


      Code (inc. data)   RO Data    RW Data    ZI Data      Debug   Object Name

      1972        150          0        164         64       4313   angle.o
       364        116          0         16          0       2718   cartask.o
         0          0          0          0          0      14224   croutine.o
        60         16          0          4          0        679   encoder.o
         0          0          0          0          0       2496   event_groups.o
       208         10          0          0          0        927   gpio.o
       520         58          0         28      15360       4611   heap_4.o
       148          0          0          0          0       3198   list.o
       236         18          0          0          0       2392   main.o
       272         20          0          0          0       2515   motor.o
       424          6          0         12          0       2605   mpu6050.o
       372         12          0          0          0       5534   myi2c.o
       724         18       1520          0          0       6425   oled.o
       520         80          0         52          0       2379   pid.o
       404         48          0          4          0       8980   port.o
        64         26        236          0       1536        800   startup_stm32f103xb.o
       116         24          0          9          0       5178   stm32f1xx_hal.o
       252         22          0          0          0      28606   stm32f1xx_hal_cortex.o
       262          4          0          0          0       1723   stm32f1xx_hal_dma.o
       828         34          0          0          0       3271   stm32f1xx_hal_gpio.o
        96         10          0          0          0        874   stm32f1xx_hal_msp.o
      1816        108         18          0          0       6489   stm32f1xx_hal_rcc.o
      2498         60          0          0          0      17463   stm32f1xx_hal_tim.o
       252         14          0          0          0       3165   stm32f1xx_hal_tim_ex.o
       180         22          0          0         72       1431   stm32f1xx_hal_timebase_tim.o
      1626          8          0          0          0       9004   stm32f1xx_hal_uart.o
        70         12          0          0          0       3909   stm32f1xx_it.o
         2          0         24          4          0     426579   system_stm32f1xx.o
      2788        354          0         64        740      30379   tasks.o
       824         62          0          0        216       4348   tim.o
       208         24          0          0         72       1626   usart.o

    ----------------------------------------------------------------------
     18140       1336       1834        360      18060     608841   Object Totals
         0          0         32          0          0          0   (incl. Generated)
        34          0          4          3          0          0   (incl. Padding)

    ----------------------------------------------------------------------

      Code (inc. data)   RO Data    RW Data    ZI Data      Debug   Library Member Name

        90          0          0          0          0          0   __dczerorl2.o
         8          0          0          0          0         68   __main.o
         0          0          0          0          0          0   __rtentry.o
        12          0          0          0          0          0   __rtentry2.o
         6          0          0          0          0          0   __rtentry4.o
        52          8          0          0          0          0   __scatter.o
        28          0          0          0          0          0   __scatter_zi.o
        22          0          0          0          0        100   _rserrno.o
        18          0          0          0          0         80   exit.o
         6          0          0          0          0        152   heapauxi.o
         0          0          0          0          0          0   indicate_semi.o
         2          0          0          0          0          0   libinit.o
         2          0          0          0          0          0   libinit2.o
         2          0          0          0          0          0   libshutdown.o
         2          0          0          0          0          0   libshutdown2.o
         8          4          0          0         96         68   libspace.o
         8          4          0          0          0         68   rt_errno_addr_intlibspace.o
        78          0          0          0          0         80   rt_memclr_w.o
         2          0          0          0          0          0   rtexit.o
        10          0          0          0          0          0   rtexit2.o
        12          4          0          0          0         68   sys_exit.o
        74          0          0          0          0         80   sys_stackheap_outer.o
         2          0          0          0          0         68   use_no_semi.o
        98          4          0          0          0         92   d2f.o
       826         16          0          0          0        348   daddsub_clz.o
        16          4          0          0          0         68   dcheck1.o
        24          0          0          0          0         68   dcmpi.o
       688        140          0          0          0        208   ddiv.o
       120          4          0          0          0         92   deqf.o
        94          4          0          0          0         92   dfix.o
        46          0          0          0          0         68   dflt_clz.o
       340         12          0          0          0        104   dmul.o
       156          4          0          0          0         92   dnaninf.o
        12          0          0          0          0         68   dretinf.o
       460         56          0          0          0        120   dsqrt_noumaal.o
        86          4          0          0          0         84   f2d.o
       450          8          0          0          0        236   faddsub_clz.o
        24          0          0          0          0         68   fcmpi.o
       388         76          0          0          0         96   fdiv.o
        54          4          0          0          0         84   ffix.o
        48          0          0          0          0         68   fflt_clz.o
       104          4          0          0          0         84   fleqf.o
       258          4          0          0          0         84   fmul.o
       140          4          0          0          0         84   fnaninf.o
        10          0          0          0          0         68   fretinf.o
        98          0          0          0          0         68   frleqf.o
       100          0          0          0          0         68   retnan.o
        92          0          0          0          0         68   scalbn.o
        48          0          0          0          0         68   trapv.o
         0          0          0          0          0          0   usenofp.o
       624         52         80          0          0        168   asin.o
       544         70        152          0          0        124   atan.o
       412         38          0          0          0        144   atan2.o
        38          6          0          0          0        272   dunder.o
        40          0          0          0          0         68   fpclassify.o
       170          0          0          0          0         96   poly.o
         0          0          8          0          0          0   qnan.o
        76          0          0          0          0         84   sqrt.o

    ----------------------------------------------------------------------
      7146        534        240          0        100       4436   Library Totals
        18          0          0          0          4          0   (incl. Padding)

    ----------------------------------------------------------------------

      Code (inc. data)   RO Data    RW Data    ZI Data      Debug   Library Name

       444         20          0          0         96        832   c_w.l
      4780        348          0          0          0       2648   fz_ws.l
      1904        166        240          0          0        956   m_ws.l

    ----------------------------------------------------------------------
      7146        534        240          0        100       4436   Library Totals

    ----------------------------------------------------------------------

==============================================================================


      Code (inc. data)   RO Data    RW Data    ZI Data      Debug   

     25286       1870       2074        360      18160     602405   Grand Totals
     25286       1870       2074         68      18160     602405   ELF Image Totals (compressed)
     25286       1870       2074         68          0          0   ROM Totals

==============================================================================

    Total RO  Size (Code + RO Data)                27360 (  26.72kB)
    Total RW  Size (RW Data + ZI Data)             18520 (  18.09kB)
    Total ROM Size (Code + RO Data + RW Data)      27428 (  26.79kB)

==============================================================================

